../Core/EtherCAT/ax58100_hw.c:57:16:HW_SPI_TransmitReceive	40	static
../Core/EtherCAT/ax58100_hw.c:84:13:HW_SPI_Read	32	static
../Core/EtherCAT/ax58100_hw.c:147:13:HW_SPI_Write	32	static
../Core/EtherCAT/ax58100_hw.c:202:13:GetInterruptRegister	16	static,ignoring_inline_asm
../Core/EtherCAT/ax58100_hw.c:226:13:ISR_GetInterruptRegister	8	static
../Core/EtherCAT/ax58100_hw.c:237:9:HW_Init	24	static,ignoring_inline_asm
../Core/EtherCAT/ax58100_hw.c:298:6:HW_Release	4	static
../Core/EtherCAT/ax58100_hw.c:306:10:HW_GetALEventRegister	8	static
../Core/EtherCAT/ax58100_hw.c:319:10:HW_GetALEventRegister_Isr	8	static
../Core/EtherCAT/ax58100_hw.c:335:6:HW_EscRead	24	static,ignoring_inline_asm
../Core/EtherCAT/ax58100_hw.c:357:6:HW_EscReadIsr	16	static
../Core/EtherCAT/ax58100_hw.c:371:6:HW_EscWrite	24	static,ignoring_inline_asm
../Core/EtherCAT/ax58100_hw.c:393:6:HW_EscWriteIsr	16	static
../Core/EtherCAT/ax58100_hw.c:423:6:EXTI4_IRQHandler	8	static
../Core/EtherCAT/ax58100_hw.c:435:6:EXTI2_IRQHandler	8	static
../Core/EtherCAT/ax58100_hw.c:451:6:EXTI3_IRQHandler	8	static
../Core/EtherCAT/ax58100_hw.c:468:10:TIM16_IRQHandler	8	static
