../Core/EtherCAT/ecatappl.c:222:6:PDO_InputMapping	16	static
../Core/EtherCAT/ecatappl.c:292:6:PDO_OutputMapping	16	static
../Core/EtherCAT/ecatappl.c:342:6:ECAT_CheckTimer	24	static
../Core/EtherCAT/ecatappl.c:382:6:HandleCycleTimeMeasurement	8	static
../Core/EtherCAT/ecatappl.c:417:8:GetSystemTimeDelay	24	static
../Core/EtherCAT/ecatappl.c:457:6:PDI_Isr	16	static
../Core/EtherCAT/ecatappl.c:574:6:Sync0_Isr	16	static
../Core/EtherCAT/ecatappl.c:672:6:Sync1_Isr	8	static
../Core/EtherCAT/ecatappl.c:706:8:MainInit	24	static
../Core/EtherCAT/ecatappl.c:811:6:MainLoop	16	static
../Core/EtherCAT/ecatappl.c:902:6:ECAT_Application	8	static
../Core/EtherCAT/ecatappl.c:991:8:ESC_EepromAccess	56	static
../Core/EtherCAT/ecatappl.c:1170:8:ESC_EepromWriteCRC	40	static
