../Core/EtherCAT/ecatslv.c:267:6:ResetALEventMask	24	static
../Core/EtherCAT/ecatslv.c:288:6:SetALEventMask	24	static
../Core/EtherCAT/ecatslv.c:309:6:UpdateEEPROMLoadedState	16	static
../Core/EtherCAT/ecatslv.c:346:19:GetSyncMan	16	static
../Core/EtherCAT/ecatslv.c:361:6:DisableSyncManChannel	24	static
../Core/EtherCAT/ecatslv.c:382:6:EnableSyncManChannel	24	static
../Core/EtherCAT/ecatslv.c:409:10:CheckSmSettings	32	static
../Core/EtherCAT/ecatslv.c:696:8:StartInputHandler	64	static
../Core/EtherCAT/ecatslv.c:1258:8:StartOutputHandler	16	static
../Core/EtherCAT/ecatslv.c:1303:6:StopOutputHandler	4	static
../Core/EtherCAT/ecatslv.c:1316:6:StopInputHandler	16	static
../Core/EtherCAT/ecatslv.c:1383:6:BackToInitTransition	4	static
../Core/EtherCAT/ecatslv.c:1396:6:SetALStatus	24	static
../Core/EtherCAT/ecatslv.c:1451:6:AL_ControlInd	24	static
../Core/EtherCAT/ecatslv.c:1931:6:AL_ControlRes	16	static
../Core/EtherCAT/ecatslv.c:2192:6:DC_CheckWatchdog	4	static
../Core/EtherCAT/ecatslv.c:2267:6:CheckIfEcatError	16	static
../Core/EtherCAT/ecatslv.c:2326:6:ECAT_StateChange	24	static
../Core/EtherCAT/ecatslv.c:2481:6:ECAT_Init	16	static
../Core/EtherCAT/ecatslv.c:2552:6:ECAT_Main	16	static
