../Core/EtherCAT/Microcontroller_Asix58100_ESI.c:61:9:APPL_AckErrorInd	16	static
../Core/EtherCAT/Microcontroller_Asix58100_ESI.c:80:8:APPL_StartMailboxHandler	4	static
../Core/EtherCAT/Microcontroller_Asix58100_ESI.c:96:8:APPL_StopMailboxHandler	4	static
../Core/EtherCAT/Microcontroller_Asix58100_ESI.c:117:8:APPL_StartInputHandler	16	static
../Core/EtherCAT/Microcontroller_Asix58100_ESI.c:133:8:APPL_StopInputHandler	4	static
../Core/EtherCAT/Microcontroller_Asix58100_ESI.c:151:8:APPL_StartOutputHandler	4	static
../Core/EtherCAT/Microcontroller_Asix58100_ESI.c:167:8:APPL_StopOutputHandler	4	static
../Core/EtherCAT/Microcontroller_Asix58100_ESI.c:181:8:APPL_GenerateMapping	48	static
../Core/EtherCAT/Microcontroller_Asix58100_ESI.c:270:6:APPL_InputMapping	24	static
../Core/EtherCAT/Microcontroller_Asix58100_ESI.c:291:6:APPL_OutputMapping	24	static
../Core/EtherCAT/Microcontroller_Asix58100_ESI.c:311:6:APPL_Application	4	static
../Core/EtherCAT/Microcontroller_Asix58100_ESI.c:323:8:APPL_GetDeviceID	4	static
../Core/EtherCAT/Microcontroller_Asix58100_ESI.c:335:6:main_initial	8	static
