Archive member included to satisfy reference by file (symbol)

C:/ST/STM32CubeIDE_1.17.0/STM32CubeIDE/plugins/com.st.stm32cube.ide.mcu.externaltools.gnu-tools-for-stm32.12.3.rel1.win32_1.1.0.202410251130/tools/bin/../lib/gcc/arm-none-eabi/12.3.1/../../../../arm-none-eabi/lib/thumb/v7e-m+dp/hard\libc_nano.a(libc_a-exit.o)
                              C:/ST/STM32CubeIDE_1.17.0/STM32CubeIDE/plugins/com.st.stm32cube.ide.mcu.externaltools.gnu-tools-for-stm32.12.3.rel1.win32_1.1.0.202410251130/tools/bin/../lib/gcc/arm-none-eabi/12.3.1/../../../../arm-none-eabi/lib/thumb/v7e-m+dp/hard/crt0.o (exit)
C:/ST/STM32CubeIDE_1.17.0/STM32CubeIDE/plugins/com.st.stm32cube.ide.mcu.externaltools.gnu-tools-for-stm32.12.3.rel1.win32_1.1.0.202410251130/tools/bin/../lib/gcc/arm-none-eabi/12.3.1/../../../../arm-none-eabi/lib/thumb/v7e-m+dp/hard\libc_nano.a(libc_a-malloc.o)
                              ./Core/EtherCAT/ecatcoe.o (malloc)
C:/ST/STM32CubeIDE_1.17.0/STM32CubeIDE/plugins/com.st.stm32cube.ide.mcu.externaltools.gnu-tools-for-stm32.12.3.rel1.win32_1.1.0.202410251130/tools/bin/../lib/gcc/arm-none-eabi/12.3.1/../../../../arm-none-eabi/lib/thumb/v7e-m+dp/hard\libc_nano.a(libc_a-mallocr.o)
                              C:/ST/STM32CubeIDE_1.17.0/STM32CubeIDE/plugins/com.st.stm32cube.ide.mcu.externaltools.gnu-tools-for-stm32.12.3.rel1.win32_1.1.0.202410251130/tools/bin/../lib/gcc/arm-none-eabi/12.3.1/../../../../arm-none-eabi/lib/thumb/v7e-m+dp/hard\libc_nano.a(libc_a-malloc.o) (_malloc_r)
C:/ST/STM32CubeIDE_1.17.0/STM32CubeIDE/plugins/com.st.stm32cube.ide.mcu.externaltools.gnu-tools-for-stm32.12.3.rel1.win32_1.1.0.202410251130/tools/bin/../lib/gcc/arm-none-eabi/12.3.1/../../../../arm-none-eabi/lib/thumb/v7e-m+dp/hard\libc_nano.a(libc_a-mlock.o)
                              C:/ST/STM32CubeIDE_1.17.0/STM32CubeIDE/plugins/com.st.stm32cube.ide.mcu.externaltools.gnu-tools-for-stm32.12.3.rel1.win32_1.1.0.202410251130/tools/bin/../lib/gcc/arm-none-eabi/12.3.1/../../../../arm-none-eabi/lib/thumb/v7e-m+dp/hard\libc_nano.a(libc_a-mallocr.o) (__malloc_lock)
C:/ST/STM32CubeIDE_1.17.0/STM32CubeIDE/plugins/com.st.stm32cube.ide.mcu.externaltools.gnu-tools-for-stm32.12.3.rel1.win32_1.1.0.202410251130/tools/bin/../lib/gcc/arm-none-eabi/12.3.1/../../../../arm-none-eabi/lib/thumb/v7e-m+dp/hard\libc_nano.a(libc_a-findfp.o)
                              C:/ST/STM32CubeIDE_1.17.0/STM32CubeIDE/plugins/com.st.stm32cube.ide.mcu.externaltools.gnu-tools-for-stm32.12.3.rel1.win32_1.1.0.202410251130/tools/bin/../lib/gcc/arm-none-eabi/12.3.1/../../../../arm-none-eabi/lib/thumb/v7e-m+dp/hard\libc_nano.a(libc_a-exit.o) (__stdio_exit_handler)
C:/ST/STM32CubeIDE_1.17.0/STM32CubeIDE/plugins/com.st.stm32cube.ide.mcu.externaltools.gnu-tools-for-stm32.12.3.rel1.win32_1.1.0.202410251130/tools/bin/../lib/gcc/arm-none-eabi/12.3.1/../../../../arm-none-eabi/lib/thumb/v7e-m+dp/hard\libc_nano.a(libc_a-fwalk.o)
                              C:/ST/STM32CubeIDE_1.17.0/STM32CubeIDE/plugins/com.st.stm32cube.ide.mcu.externaltools.gnu-tools-for-stm32.12.3.rel1.win32_1.1.0.202410251130/tools/bin/../lib/gcc/arm-none-eabi/12.3.1/../../../../arm-none-eabi/lib/thumb/v7e-m+dp/hard\libc_nano.a(libc_a-findfp.o) (_fwalk_sglue)
C:/ST/STM32CubeIDE_1.17.0/STM32CubeIDE/plugins/com.st.stm32cube.ide.mcu.externaltools.gnu-tools-for-stm32.12.3.rel1.win32_1.1.0.202410251130/tools/bin/../lib/gcc/arm-none-eabi/12.3.1/../../../../arm-none-eabi/lib/thumb/v7e-m+dp/hard\libc_nano.a(libc_a-stdio.o)
                              C:/ST/STM32CubeIDE_1.17.0/STM32CubeIDE/plugins/com.st.stm32cube.ide.mcu.externaltools.gnu-tools-for-stm32.12.3.rel1.win32_1.1.0.202410251130/tools/bin/../lib/gcc/arm-none-eabi/12.3.1/../../../../arm-none-eabi/lib/thumb/v7e-m+dp/hard\libc_nano.a(libc_a-findfp.o) (__sread)
C:/ST/STM32CubeIDE_1.17.0/STM32CubeIDE/plugins/com.st.stm32cube.ide.mcu.externaltools.gnu-tools-for-stm32.12.3.rel1.win32_1.1.0.202410251130/tools/bin/../lib/gcc/arm-none-eabi/12.3.1/../../../../arm-none-eabi/lib/thumb/v7e-m+dp/hard\libc_nano.a(libc_a-memset.o)
                              C:/ST/STM32CubeIDE_1.17.0/STM32CubeIDE/plugins/com.st.stm32cube.ide.mcu.externaltools.gnu-tools-for-stm32.12.3.rel1.win32_1.1.0.202410251130/tools/bin/../lib/gcc/arm-none-eabi/12.3.1/../../../../arm-none-eabi/lib/thumb/v7e-m+dp/hard/crt0.o (memset)
C:/ST/STM32CubeIDE_1.17.0/STM32CubeIDE/plugins/com.st.stm32cube.ide.mcu.externaltools.gnu-tools-for-stm32.12.3.rel1.win32_1.1.0.202410251130/tools/bin/../lib/gcc/arm-none-eabi/12.3.1/../../../../arm-none-eabi/lib/thumb/v7e-m+dp/hard\libc_nano.a(libc_a-closer.o)
                              C:/ST/STM32CubeIDE_1.17.0/STM32CubeIDE/plugins/com.st.stm32cube.ide.mcu.externaltools.gnu-tools-for-stm32.12.3.rel1.win32_1.1.0.202410251130/tools/bin/../lib/gcc/arm-none-eabi/12.3.1/../../../../arm-none-eabi/lib/thumb/v7e-m+dp/hard\libc_nano.a(libc_a-stdio.o) (_close_r)
[...]
Memory Configuration

Name             Origin             Length             Attributes
FLASH            0x08000000         0x00200000         xr
DTCMRAM          0x20000000         0x00020000         xrw
RAM_D1           0x24000000         0x00080000         xrw
RAM_D2           0x30000000         0x00048000         xrw
RAM_D3           0x38000000         0x00010000         xrw
ITCMRAM          0x00000000         0x00010000         xrw
*default*        0x00000000         0xffffffff

Linker script and memory map

LOAD C:/ST/STM32CubeIDE_1.17.0/STM32CubeIDE/plugins/com.st.stm32cube.ide.mcu.externaltools.gnu-tools-for-stm32.12.3.rel1.win32_1.1.0.202410251130/tools/bin/../lib/gcc/arm-none-eabi/12.3.1/thumb/v7e-m+dp/hard/crti.o
LOAD C:/ST/STM32CubeIDE_1.17.0/STM32CubeIDE/plugins/com.st.stm32cube.ide.mcu.externaltools.gnu-tools-for-stm32.12.3.rel1.win32_1.1.0.202410251130/tools/bin/../lib/gcc/arm-none-eabi/12.3.1/thumb/v7e-m+dp/hard/crtbegin.o
LOAD C:/ST/STM32CubeIDE_1.17.0/STM32CubeIDE/plugins/com.st.stm32cube.ide.mcu.externaltools.gnu-tools-for-stm32.12.3.rel1.win32_1.1.0.202410251130/tools/bin/../lib/gcc/arm-none-eabi/12.3.1/../../../../arm-none-eabi/lib/thumb/v7e-m+dp/hard/crt0.o
LOAD ./Core/EtherCAT/Microcontroller_Asix58100_ESI.o
LOAD ./Core/EtherCAT/ax58100_hw.o
LOAD ./Core/EtherCAT/coeappl.o
LOAD ./Core/EtherCAT/ecatappl.o
LOAD ./Core/EtherCAT/ecatcoe.o
LOAD ./Core/EtherCAT/ecatslv.o
LOAD ./Core/EtherCAT/mailbox.o
LOAD ./Core/EtherCAT/objdef.o
LOAD ./Core/EtherCAT/sdoserv.o
LOAD ./Core/Src/gpio.o
LOAD ./Core/Src/main.o
LOAD ./Core/Src/memorymap.o
LOAD ./Core/Src/spi.o
LOAD ./Core/Src/stm32h7xx_hal_msp.o
LOAD ./Core/Src/stm32h7xx_it.o
LOAD ./Core/Src/syscalls.o
LOAD ./Core/Src/sysmem.o
LOAD ./Core/Src/system_stm32h7xx.o
LOAD ./Core/Src/tim.o
LOAD ./Core/Startup/startup_stm32h743zitx.o
LOAD ./Drivers/STM32H7xx_HAL_Driver/Src/stm32h7xx_hal.o
LOAD ./Drivers/STM32H7xx_HAL_Driver/Src/stm32h7xx_hal_cortex.o
LOAD ./Drivers/STM32H7xx_HAL_Driver/Src/stm32h7xx_hal_dma.o
LOAD ./Drivers/STM32H7xx_HAL_Driver/Src/stm32h7xx_hal_dma_ex.o
LOAD ./Drivers/STM32H7xx_HAL_Driver/Src/stm32h7xx_hal_exti.o
LOAD ./Drivers/STM32H7xx_HAL_Driver/Src/stm32h7xx_hal_flash.o
LOAD ./Drivers/STM32H7xx_HAL_Driver/Src/stm32h7xx_hal_flash_ex.o
LOAD ./Drivers/STM32H7xx_HAL_Driver/Src/stm32h7xx_hal_gpio.o
LOAD ./Drivers/STM32H7xx_HAL_Driver/Src/stm32h7xx_hal_hsem.o
LOAD ./Drivers/STM32H7xx_HAL_Driver/Src/stm32h7xx_hal_i2c.o
LOAD ./Drivers/STM32H7xx_HAL_Driver/Src/stm32h7xx_hal_i2c_ex.o
LOAD ./Drivers/STM32H7xx_HAL_Driver/Src/stm32h7xx_hal_mdma.o
LOAD ./Drivers/STM32H7xx_HAL_Driver/Src/stm32h7xx_hal_pwr.o
LOAD ./Drivers/STM32H7xx_HAL_Driver/Src/stm32h7xx_hal_pwr_ex.o
LOAD ./Drivers/STM32H7xx_HAL_Driver/Src/stm32h7xx_hal_rcc.o
LOAD ./Drivers/STM32H7xx_HAL_Driver/Src/stm32h7xx_hal_rcc_ex.o
LOAD ./Drivers/STM32H7xx_HAL_Driver/Src/stm32h7xx_hal_spi.o
LOAD ./Drivers/STM32H7xx_HAL_Driver/Src/stm32h7xx_hal_spi_ex.o
LOAD ./Drivers/STM32H7xx_HAL_Driver/Src/stm32h7xx_hal_tim.o
LOAD ./Drivers/STM32H7xx_HAL_Driver/Src/stm32h7xx_hal_tim_ex.o
START GROUP
LOAD C:/ST/STM32CubeIDE_1.17.0/STM32CubeIDE/plugins/com.st.stm32cube.ide.mcu.externaltools.gnu-tools-for-stm32.12.3.rel1.win32_1.1.0.202410251130/tools/bin/../lib/gcc/arm-none-eabi/12.3.1/../../../../arm-none-eabi/lib/thumb/v7e-m+dp/hard\libc_nano.a
LOAD C:/ST/STM32CubeIDE_1.17.0/STM32CubeIDE/plugins/com.st.stm32cube.ide.mcu.externaltools.gnu-tools-for-stm32.12.3.rel1.win32_1.1.0.202410251130/tools/bin/../lib/gcc/arm-none-eabi/12.3.1/../../../../arm-none-eabi/lib/thumb/v7e-m+dp/hard\libm.a
END GROUP
START GROUP
LOAD C:/ST/STM32CubeIDE_1.17.0/STM32CubeIDE/plugins/com.st.stm32cube.ide.mcu.externaltools.gnu-tools-for-stm32.12.3.rel1.win32_1.1.0.202410251130/tools/bin/../lib/gcc/arm-none-eabi/12.3.1/thumb/v7e-m+dp/hard\libgcc.a
LOAD C:/ST/STM32CubeIDE_1.17.0/STM32CubeIDE/plugins/com.st.stm32cube.ide.mcu.externaltools.gnu-tools-for-stm32.12.3.rel1.win32_1.1.0.202410251130/tools/bin/../lib/gcc/arm-none-eabi/12.3.1/../../../../arm-none-eabi/lib/thumb/v7e-m+dp/hard\libc_nano.a
END GROUP
START GROUP
LOAD C:/ST/STM32CubeIDE_1.17.0/STM32CubeIDE/plugins/com.st.stm32cube.ide.mcu.externaltools.gnu-tools-for-stm32.12.3.rel1.win32_1.1.0.202410251130/tools/bin/../lib/gcc/arm-none-eabi/12.3.1/thumb/v7e-m+dp/hard\libgcc.a
LOAD C:/ST/STM32CubeIDE_1.17.0/STM32CubeIDE/plugins/com.st.stm32cube.ide.mcu.externaltools.gnu-tools-for-stm32.12.3.rel1.win32_1.1.0.202410251130/tools/bin/../lib/gcc/arm-none-eabi/12.3.1/../../../../arm-none-eabi/lib/thumb/v7e-m+dp/hard\libc_nano.a
LOAD C:/ST/STM32CubeIDE_1.17.0/STM32CubeIDE/plugins/com.st.stm32cube.ide.mcu.externaltools.gnu-tools-for-stm32.12.3.rel1.win32_1.1.0.202410251130/tools/bin/../lib/gcc/arm-none-eabi/12.3.1/../../../../arm-none-eabi/lib/thumb/v7e-m+dp/hard\libnosys.a
END GROUP
START GROUP
LOAD C:/ST/STM32CubeIDE_1.17.0/STM32CubeIDE/plugins/com.st.stm32cube.ide.mcu.externaltools.gnu-tools-for-stm32.12.3.rel1.win32_1.1.0.202410251130/tools/bin/../lib/gcc/arm-none-eabi/12.3.1/thumb/v7e-m+dp/hard\libgcc.a
LOAD C:/ST/STM32CubeIDE_1.17.0/STM32CubeIDE/plugins/com.st.stm32cube.ide.mcu.externaltools.gnu-tools-for-stm32.12.3.rel1.win32_1.1.0.202410251130/tools/bin/../lib/gcc/arm-none-eabi/12.3.1/../../../../arm-none-eabi/lib/thumb/v7e-m+dp/hard\libc_nano.a
LOAD C:/ST/STM32CubeIDE_1.17.0/STM32CubeIDE/plugins/com.st.stm32cube.ide.mcu.externaltools.gnu-tools-for-stm32.12.3.rel1.win32_1.1.0.202410251130/tools/bin/../lib/gcc/arm-none-eabi/12.3.1/../../../../arm-none-eabi/lib/thumb/v7e-m+dp/hard\libnosys.a
END GROUP
LOAD C:/ST/STM32CubeIDE_1.17.0/STM32CubeIDE/plugins/com.st.stm32cube.ide.mcu.externaltools.gnu-tools-for-stm32.12.3.rel1.win32_1.1.0.202410251130/tools/bin/../lib/gcc/arm-none-eabi/12.3.1/thumb/v7e-m+dp/hard/crtend.o
LOAD C:/ST/STM32CubeIDE_1.17.0/STM32CubeIDE/plugins/com.st.stm32cube.ide.mcu.externaltools.gnu-tools-for-stm32.12.3.rel1.win32_1.1.0.202410251130/tools/bin/../lib/gcc/arm-none-eabi/12.3.1/thumb/v7e-m+dp/hard/crtn.o
                0x24080000                        _estack = (ORIGIN (RAM_D1) + LENGTH (RAM_D1))
                0x00000200                        _Min_Heap_Size = 0x200
                0x00000400                        _Min_Stack_Size = 0x400

.isr_vector     0x08000000      0x298
                0x08000000                        . = ALIGN (0x4)
 *(.isr_vector)
 .isr_vector    0x08000000      0x298 ./Core/Startup/startup_stm32h743zitx.o
                0x08000000                g_pfnVectors
                0x08000298                        . = ALIGN (0x4)

.text           0x08000298     0xb4c8
                0x08000298                        . = ALIGN (0x4)
 *(.text)
 .text          0x08000298       0x40 C:/ST/STM32CubeIDE_1.17.0/STM32CubeIDE/plugins/com.st.stm32cube.ide.mcu.externaltools.gnu-tools-for-stm32.12.3.rel1.win32_1.1.0.202410251130/tools/bin/../lib/gcc/arm-none-eabi/12.3.1/thumb/v7e-m+dp/hard/crtbegin.o
 .text          0x080002d8       0x10 C:/ST/STM32CubeIDE_1.17.0/STM32CubeIDE/plugins/com.st.stm32cube.ide.mcu.externaltools.gnu-tools-for-stm32.12.3.rel1.win32_1.1.0.202410251130/tools/bin/../lib/gcc/arm-none-eabi/12.3.1/../../../../arm-none-eabi/lib/thumb/v7e-m+dp/hard\libc_nano.a(libc_a-strlen.o)
                0x080002d8                strlen
 *(.text*)
 .text.APPL_AckErrorInd
                0x080002e8       0x16 ./Core/EtherCAT/Microcontroller_Asix58100_ESI.o
                0x080002e8                APPL_AckErrorInd
 .text.APPL_StartMailboxHandler
                0x080002fe       0x10 ./Core/EtherCAT/Microcontroller_Asix58100_ESI.o
                0x080002fe                APPL_StartMailboxHandler
 .text.APPL_StopMailboxHandler
                0x0800030e       0x10 ./Core/EtherCAT/Microcontroller_Asix58100_ESI.o
                0x0800030e                APPL_StopMailboxHandler
 .text.APPL_StartInputHandler
                0x0800031e       0x16 ./Core/EtherCAT/Microcontroller_Asix58100_ESI.o
                0x0800031e                APPL_StartInputHandler
 .text.APPL_StopInputHandler
                0x08000334       0x10 ./Core/EtherCAT/Microcontroller_Asix58100_ESI.o
                0x08000334                APPL_StopInputHandler
 .text.APPL_StartOutputHandler
                0x08000344       0x10 ./Core/EtherCAT/Microcontroller_Asix58100_ESI.o
                0x08000344                APPL_StartOutputHandler
 .text.APPL_StopOutputHandler
                0x08000354       0x10 ./Core/EtherCAT/Microcontroller_Asix58100_ESI.o
                0x08000354                APPL_StopOutputHandler
 .text.APPL_GenerateMapping
                0x08000364      0x16c ./Core/EtherCAT/Microcontroller_Asix58100_ESI.o
                0x08000364                APPL_GenerateMapping
 .text.APPL_InputMapping
                0x080004d0       0x5c ./Core/EtherCAT/Microcontroller_Asix58100_ESI.o
                0x080004d0                APPL_InputMapping
 .text.APPL_OutputMapping
                0x0800052c       0x5c ./Core/EtherCAT/Microcontroller_Asix58100_ESI.o
                0x0800052c                APPL_OutputMapping
 .text.APPL_Application
                0x08000588       0x18 ./Core/EtherCAT/Microcontroller_Asix58100_ESI.o
                0x08000588                APPL_Application
 .text.APPL_GetDeviceID
                0x080005a0       0x10 ./Core/EtherCAT/Microcontroller_Asix58100_ESI.o
                0x080005a0                APPL_GetDeviceID
 .text.main_initial
                0x080005b0       0x2c ./Core/EtherCAT/Microcontroller_Asix58100_ESI.o
                0x080005b0                main_initial
 .text.HW_SPI_TransmitReceive
                0x080005dc       0x50 ./Core/EtherCAT/ax58100_hw.o
 .text.HW_SPI_Read
                0x0800062c       0xf0 ./Core/EtherCAT/ax58100_hw.o
 .text.HW_SPI_Write
                0x0800071c       0xc0 ./Core/EtherCAT/ax58100_hw.o
 .text.GetInterruptRegister
                0x080007dc       0x38 ./Core/EtherCAT/ax58100_hw.o
 .text.ISR_GetInterruptRegister
                0x08000814       0x18 ./Core/EtherCAT/ax58100_hw.o
 .text.HW_Init  0x0800082c       0xd4 ./Core/EtherCAT/ax58100_hw.o
                0x0800082c                HW_Init
 .text.HW_Release
                0x08000900        0xe ./Core/EtherCAT/ax58100_hw.o
                0x08000900                HW_Release
 *fill*         0x0800090e        0x2 
 .text.HW_GetALEventRegister
                0x08000910       0x14 ./Core/EtherCAT/ax58100_hw.o
                0x08000910                HW_GetALEventRegister
 .text.HW_GetALEventRegister_Isr
                0x08000924       0x14 ./Core/EtherCAT/ax58100_hw.o
                0x08000924                HW_GetALEventRegister_Isr
 .text.HW_EscRead
                0x08000938       0x3c ./Core/EtherCAT/ax58100_hw.o
                0x08000938                HW_EscRead
 .text.HW_EscReadIsr
                0x08000974       0x24 ./Core/EtherCAT/ax58100_hw.o
                0x08000974                HW_EscReadIsr
 .text.HW_EscWrite
                0x08000998       0x3c ./Core/EtherCAT/ax58100_hw.o
                0x08000998                HW_EscWrite
 .text.HW_EscWriteIsr
                0x080009d4       0x24 ./Core/EtherCAT/ax58100_hw.o
                0x080009d4                HW_EscWriteIsr
 .text.EXTI4_IRQHandler
                0x080009f8       0x26 ./Core/EtherCAT/ax58100_hw.o
                0x080009f8                EXTI4_IRQHandler
 .text.EXTI2_IRQHandler
                0x08000a1e       0x26 ./Core/EtherCAT/ax58100_hw.o
                0x08000a1e                EXTI2_IRQHandler
 .text.EXTI3_IRQHandler
                0x08000a44       0x26 ./Core/EtherCAT/ax58100_hw.o
                0x08000a44                EXTI3_IRQHandler
 *fill*         0x08000a6a        0x2 
 .text.TIM16_IRQHandler
                0x08000a6c       0x38 ./Core/EtherCAT/ax58100_hw.o
                0x08000a6c                TIM16_IRQHandler
 .text.Read0x10F8
                0x08000aa4       0x5c ./Core/EtherCAT/coeappl.o
                0x08000aa4                Read0x10F8
 .text.COE_SyncTimeStamp
                0x08000b00       0xa0 ./Core/EtherCAT/coeappl.o
                0x08000b00                COE_SyncTimeStamp
 .text.COE_GetObjectDictionary
                0x08000ba0       0x18 ./Core/EtherCAT/coeappl.o
                0x08000ba0                COE_GetObjectDictionary
 .text.COE_UpdateSyncErrorStatus
                0x08000bb8       0x68 ./Core/EtherCAT/coeappl.o
                0x08000bb8                COE_UpdateSyncErrorStatus
 .text.COE_ObjInit
                0x08000c20      0x160 ./Core/EtherCAT/coeappl.o
                0x08000c20                COE_ObjInit
 .text.COE_AddObjectToDic
                0x08000d80       0xe8 ./Core/EtherCAT/coeappl.o
                0x08000d80                COE_AddObjectToDic
 .text.COE_RemoveDicEntry
                0x08000e68       0x80 ./Core/EtherCAT/coeappl.o
                0x08000e68                COE_RemoveDicEntry
 .text.COE_ClearObjDictionary
                0x08000ee8       0x40 ./Core/EtherCAT/coeappl.o
                0x08000ee8                COE_ClearObjDictionary
 .text.AddObjectsToObjDictionary
                0x08000f28       0x42 ./Core/EtherCAT/coeappl.o
                0x08000f28                AddObjectsToObjDictionary
 *fill*         0x08000f6a        0x2 
 .text.COE_ObjDictionaryInit
                0x08000f6c       0x44 ./Core/EtherCAT/coeappl.o
                0x08000f6c                COE_ObjDictionaryInit
 .text.COE_Main
                0x08000fb0       0xd8 ./Core/EtherCAT/coeappl.o
                0x08000fb0                COE_Main
 .text.PDO_InputMapping
                0x08001088       0x94 ./Core/EtherCAT/ecatappl.o
                0x08001088                PDO_InputMapping
 .text.PDO_OutputMapping
                0x0800111c       0xb0 ./Core/EtherCAT/ecatappl.o
                0x0800111c                PDO_OutputMapping
 .text.ECAT_CheckTimer
                0x080011cc       0xa0 ./Core/EtherCAT/ecatappl.o
                0x080011cc                ECAT_CheckTimer
 .text.HandleCycleTimeMeasurement
                0x0800126c       0x7c ./Core/EtherCAT/ecatappl.o
                0x0800126c                HandleCycleTimeMeasurement
 .text.GetSystemTimeDelay
                0x080012e8       0x70 ./Core/EtherCAT/ecatappl.o
                0x080012e8                GetSystemTimeDelay
 .text.PDI_Isr  0x08001358      0x18c ./Core/EtherCAT/ecatappl.o
                0x08001358                PDI_Isr
 .text.Sync0_Isr
                0x080014e4      0x174 ./Core/EtherCAT/ecatappl.o
                0x080014e4                Sync0_Isr
 .text.Sync1_Isr
                0x08001658       0x50 ./Core/EtherCAT/ecatappl.o
                0x08001658                Sync1_Isr
 .text.MainInit
                0x080016a8      0x120 ./Core/EtherCAT/ecatappl.o
                0x080016a8                MainInit
 .text.MainLoop
                0x080017c8       0xe0 ./Core/EtherCAT/ecatappl.o
                0x080017c8                MainLoop
 .text.ECAT_Application
                0x080018a8       0x3c ./Core/EtherCAT/ecatappl.o
                0x080018a8                ECAT_Application
 .text.COE_Init
                0x080018e4       0x24 ./Core/EtherCAT/ecatcoe.o
                0x080018e4                COE_Init
 .text.COE_ServiceInd
                0x08001908       0x70 ./Core/EtherCAT/ecatcoe.o
                0x08001908                COE_ServiceInd
 .text.COE_ContinueInd
                0x08001978       0x60 ./Core/EtherCAT/ecatcoe.o
                0x08001978                COE_ContinueInd
 .text.ResetALEventMask
                0x080019d8       0x3c ./Core/EtherCAT/ecatslv.o
                0x080019d8                ResetALEventMask
 .text.SetALEventMask
                0x08001a14       0x3c ./Core/EtherCAT/ecatslv.o
                0x08001a14                SetALEventMask
 .text.UpdateEEPROMLoadedState
                0x08001a50       0x4c ./Core/EtherCAT/ecatslv.o
                0x08001a50                UpdateEEPROMLoadedState
 .text.GetSyncMan
                0x08001a9c       0x30 ./Core/EtherCAT/ecatslv.o
                0x08001a9c                GetSyncMan
 .text.DisableSyncManChannel
                0x08001acc       0x4e ./Core/EtherCAT/ecatslv.o
                0x08001acc                DisableSyncManChannel
 .text.EnableSyncManChannel
                0x08001b1a       0x4e ./Core/EtherCAT/ecatslv.o
                0x08001b1a                EnableSyncManChannel
 .text.CheckSmSettings
                0x08001b68      0x37c ./Core/EtherCAT/ecatslv.o
                0x08001b68                CheckSmSettings
 .text.StartInputHandler
                0x08001ee4      0x804 ./Core/EtherCAT/ecatslv.o
                0x08001ee4                StartInputHandler
 .text.StartOutputHandler
                0x080026e8       0x9c ./Core/EtherCAT/ecatslv.o
                0x080026e8                StartOutputHandler
 .text.StopOutputHandler
                0x08002784       0x24 ./Core/EtherCAT/ecatslv.o
                0x08002784                StopOutputHandler
 .text.StopInputHandler
                0x080027a8      0x12c ./Core/EtherCAT/ecatslv.o
                0x080027a8                StopInputHandler
 .text.BackToInitTransition
                0x080028d4       0x18 ./Core/EtherCAT/ecatslv.o
                0x080028d4                BackToInitTransition
 .text.SetALStatus
                0x080028ec       0xbc ./Core/EtherCAT/ecatslv.o
                0x080028ec                SetALStatus
 .text.AL_ControlInd
                0x080029a8      0x7a4 ./Core/EtherCAT/ecatslv.o
                0x080029a8                AL_ControlInd
 .text.AL_ControlRes
                0x0800314c      0x2e0 ./Core/EtherCAT/ecatslv.o
                0x0800314c                AL_ControlRes
 .text.DC_CheckWatchdog
                0x0800342c      0x128 ./Core/EtherCAT/ecatslv.o
                0x0800342c                DC_CheckWatchdog
 .text.CheckIfEcatError
                0x08003554       0xac ./Core/EtherCAT/ecatslv.o
                0x08003554                CheckIfEcatError
 .text.ECAT_Init
                0x08003600      0x154 ./Core/EtherCAT/ecatslv.o
                0x08003600                ECAT_Init
 .text.ECAT_Main
                0x08003754      0x1d8 ./Core/EtherCAT/ecatslv.o
                0x08003754                ECAT_Main
 .text.PutInMbxQueue
                0x0800392c       0x52 ./Core/EtherCAT/mailbox.o
                0x0800392c                PutInMbxQueue
 .text.GetOutOfMbxQueue
                0x0800397e       0x58 ./Core/EtherCAT/mailbox.o
                0x0800397e                GetOutOfMbxQueue
 *fill*         0x080039d6        0x2 
 .text.MBX_Init
                0x080039d8      0x100 ./Core/EtherCAT/mailbox.o
                0x080039d8                MBX_Init
 .text.MBX_StartMailboxHandler
                0x08003ad8       0xf8 ./Core/EtherCAT/mailbox.o
                0x08003ad8                MBX_StartMailboxHandler
 .text.MBX_StopMailboxHandler
                0x08003bd0      0x150 ./Core/EtherCAT/mailbox.o
                0x08003bd0                MBX_StopMailboxHandler
 .text.MailboxServiceInd
                0x08003d20       0x32 ./Core/EtherCAT/mailbox.o
                0x08003d20                MailboxServiceInd
 *fill*         0x08003d52        0x2 
 .text.MBX_MailboxWriteInd
                0x08003d54       0xbc ./Core/EtherCAT/mailbox.o
                0x08003d54                MBX_MailboxWriteInd
 .text.MBX_MailboxReadInd
                0x08003e10       0xdc ./Core/EtherCAT/mailbox.o
                0x08003e10                MBX_MailboxReadInd
 .text.MBX_MailboxRepeatReq
                0x08003eec       0x7c ./Core/EtherCAT/mailbox.o
                0x08003eec                MBX_MailboxRepeatReq
 .text.MBX_MailboxSendReq
                0x08003f68       0xd8 ./Core/EtherCAT/mailbox.o
                0x08003f68                MBX_MailboxSendReq
 .text.MBX_CheckAndCopyMailbox
                0x08004040      0x140 ./Core/EtherCAT/mailbox.o
                0x08004040                MBX_CheckAndCopyMailbox
 .text.MBX_CopyToSendMailbox
                0x08004180      0x124 ./Core/EtherCAT/mailbox.o
                0x08004180                MBX_CopyToSendMailbox
 .text.MBX_Main
                0x080042a4       0x78 ./Core/EtherCAT/mailbox.o
                0x080042a4                MBX_Main
 .text.OBJ_GetObjectHandle
                0x0800431c       0x36 ./Core/EtherCAT/objdef.o
                0x0800431c                OBJ_GetObjectHandle
 .text.OBJ_GetObjectLength
                0x08004352      0x11c ./Core/EtherCAT/objdef.o
                0x08004352                OBJ_GetObjectLength
 *fill*         0x0800446e        0x2 
 .text.OBJ_CopyNumberToString
                0x08004470       0x98 ./Core/EtherCAT/objdef.o
                0x08004470                OBJ_CopyNumberToString
 .text.OBJ_GetNoOfObjects
                0x08004508       0x96 ./Core/EtherCAT/objdef.o
                0x08004508                OBJ_GetNoOfObjects
 *fill*         0x0800459e        0x2 
 .text.OBJ_GetObjectList
                0x080045a0       0xfc ./Core/EtherCAT/objdef.o
                0x080045a0                OBJ_GetObjectList
 .text.OBJ_GetDesc
                0x0800469c      0x128 ./Core/EtherCAT/objdef.o
                0x0800469c                OBJ_GetDesc
 .text.OBJ_GetEntryDesc
                0x080047c4       0x58 ./Core/EtherCAT/objdef.o
                0x080047c4                OBJ_GetEntryDesc
 .text.OBJ_GetObjDesc
                0x0800481c       0x18 ./Core/EtherCAT/objdef.o
                0x0800481c                OBJ_GetObjDesc
 .text.OBJ_GetEntryOffset
                0x08004834      0x1ec ./Core/EtherCAT/objdef.o
                0x08004834                OBJ_GetEntryOffset
 .text.CheckSyncTypeValue
                0x08004a20      0x1b4 ./Core/EtherCAT/objdef.o
                0x08004a20                CheckSyncTypeValue
 .text.OBJ_Read
                0x08004bd4      0x6ec ./Core/EtherCAT/objdef.o
                0x08004bd4                OBJ_Read
 .text.OBJ_Write
                0x080052c0      0x7b0 ./Core/EtherCAT/objdef.o
                0x080052c0                OBJ_Write
 .text.SdoDownloadSegmentInd
                0x08005a70      0x380 ./Core/EtherCAT/sdoserv.o
 .text.SdoUploadSegmentInd
                0x08005df0      0x244 ./Core/EtherCAT/sdoserv.o
 .text.SdoRes   0x08006034      0x184 ./Core/EtherCAT/sdoserv.o
                0x08006034                SdoRes
 .text.SDOS_SdoInd
                0x080061b8      0x5cc ./Core/EtherCAT/sdoserv.o
                0x080061b8                SDOS_SdoInd
 .text.SDOS_SdoRes
                0x08006784      0x11c ./Core/EtherCAT/sdoserv.o
                0x08006784                SDOS_SdoRes
 .text.SDOS_ClearPendingResponse
                0x080068a0       0xcc ./Core/EtherCAT/sdoserv.o
                0x080068a0                SDOS_ClearPendingResponse
 .text.SDOS_SdoInfoInd
                0x0800696c      0x3fc ./Core/EtherCAT/sdoserv.o
                0x0800696c                SDOS_SdoInfoInd
 .text.MX_GPIO_Init
                0x08006d68      0x194 ./Core/Src/gpio.o
                0x08006d68                MX_GPIO_Init
 .text.main     0x08006efc       0x3c ./Core/Src/main.o
                0x08006efc                main
 .text.SystemClock_Config
                0x08006f38       0xf4 ./Core/Src/main.o
                0x08006f38                SystemClock_Config
 .text.MPU_Config
                0x0800702c       0x58 ./Core/Src/main.o
 .text.Error_Handler
                0x08007084        0xc ./Core/Src/main.o
                0x08007084                Error_Handler
 .text.MX_SPI3_Init
                0x08007090       0xb0 ./Core/Src/spi.o
                0x08007090                MX_SPI3_Init
 .text.HAL_SPI_MspInit
                0x08007140       0xfc ./Core/Src/spi.o
                0x08007140                HAL_SPI_MspInit
 .text.HAL_MspInit
                0x0800723c       0x34 ./Core/Src/stm32h7xx_hal_msp.o
                0x0800723c                HAL_MspInit
 .text.NMI_Handler
                0x08007270        0x8 ./Core/Src/stm32h7xx_it.o
                0x08007270                NMI_Handler
 .text.HardFault_Handler
                0x08007278        0x8 ./Core/Src/stm32h7xx_it.o
                0x08007278                HardFault_Handler
 .text.MemManage_Handler
                0x08007280        0x8 ./Core/Src/stm32h7xx_it.o
                0x08007280                MemManage_Handler
 .text.BusFault_Handler
                0x08007288        0x8 ./Core/Src/stm32h7xx_it.o
                0x08007288                BusFault_Handler
 .text.UsageFault_Handler
                0x08007290        0x8 ./Core/Src/stm32h7xx_it.o
                0x08007290                UsageFault_Handler
 .text.SVC_Handler
                0x08007298        0xe ./Core/Src/stm32h7xx_it.o
                0x08007298                SVC_Handler
 .text.DebugMon_Handler
                0x080072a6        0xe ./Core/Src/stm32h7xx_it.o
                0x080072a6                DebugMon_Handler
 .text.PendSV_Handler
                0x080072b4        0xe ./Core/Src/stm32h7xx_it.o
                0x080072b4                PendSV_Handler
 .text.SysTick_Handler
                0x080072c2        0xc ./Core/Src/stm32h7xx_it.o
                0x080072c2                SysTick_Handler
 *fill*         0x080072ce        0x2 
 .text._sbrk    0x080072d0       0x6c ./Core/Src/sysmem.o
                0x080072d0                _sbrk
 .text.SystemInit
                0x0800733c      0x140 ./Core/Src/system_stm32h7xx.o
                0x0800733c                SystemInit
 .text.ExitRun0Mode
                0x0800747c       0x30 ./Core/Src/system_stm32h7xx.o
                0x0800747c                ExitRun0Mode
 .text.MX_TIM6_Init
                0x080074ac       0x6c ./Core/Src/tim.o
                0x080074ac                MX_TIM6_Init
 .text.MX_TIM16_Init
                0x08007518       0x4c ./Core/Src/tim.o
                0x08007518                MX_TIM16_Init
 .text.HAL_TIM_Base_MspInit
                0x08007564       0x80 ./Core/Src/tim.o
                0x08007564                HAL_TIM_Base_MspInit
 .text.Reset_Handler
                0x080075e4       0x54 ./Core/Startup/startup_stm32h743zitx.o
                0x080075e4                Reset_Handler
 .text.Default_Handler
                0x08007638        0x2 ./Core/Startup/startup_stm32h743zitx.o
                0x08007638                RTC_Alarm_IRQHandler
                0x08007638                TIM8_CC_IRQHandler
                0x08007638                HRTIM1_Master_IRQHandler
                0x08007638                UART8_IRQHandler
                0x08007638                SPI4_IRQHandler
                0x08007638                TIM1_CC_IRQHandler
                0x08007638                BDMA_Channel6_IRQHandler
                0x08007638                DMA2_Stream5_IRQHandler
                0x08007638                HRTIM1_FLT_IRQHandler
                0x08007638                JPEG_IRQHandler
                0x08007638                DMA1_Stream5_IRQHandler
                0x08007638                BDMA_Channel1_IRQHandler
                0x08007638                HRTIM1_TIMD_IRQHandler
                0x08007638                TAMP_STAMP_IRQHandler
                0x08007638                LPTIM4_IRQHandler
                0x08007638                TIM8_TRG_COM_TIM14_IRQHandler
                0x08007638                LPTIM2_IRQHandler
                0x08007638                DFSDM1_FLT1_IRQHandler
                0x08007638                DMAMUX2_OVR_IRQHandler
                0x08007638                TIM8_UP_TIM13_IRQHandler
                0x08007638                I2C3_ER_IRQHandler
                0x08007638                DFSDM1_FLT2_IRQHandler
                0x08007638                MDMA_IRQHandler
                0x08007638                LPTIM3_IRQHandler
                0x08007638                HSEM1_IRQHandler
                0x08007638                EXTI0_IRQHandler
                0x08007638                I2C2_EV_IRQHandler
                0x08007638                DMA1_Stream2_IRQHandler
                0x08007638                FPU_IRQHandler
                0x08007638                OTG_HS_WKUP_IRQHandler
                0x08007638                FDCAN1_IT1_IRQHandler
                0x08007638                LTDC_ER_IRQHandler
                0x08007638                DMA2_Stream2_IRQHandler
                0x08007638                HRTIM1_TIME_IRQHandler
                0x08007638                SPI1_IRQHandler
                0x08007638                TIM6_DAC_IRQHandler
                0x08007638                DCMI_IRQHandler
                0x08007638                HRTIM1_TIMC_IRQHandler
                0x08007638                DMA2_Stream3_IRQHandler
                0x08007638                SAI2_IRQHandler
                0x08007638                DFSDM1_FLT3_IRQHandler
                0x08007638                USART6_IRQHandler
                0x08007638                TIM17_IRQHandler
                0x08007638                USART3_IRQHandler
                0x08007638                BDMA_Channel7_IRQHandler
                0x08007638                LPTIM5_IRQHandler
                0x08007638                UART5_IRQHandler
                0x08007638                ADC3_IRQHandler
                0x08007638                DMA2_Stream0_IRQHandler
                0x08007638                TIM4_IRQHandler
                0x08007638                BDMA_Channel2_IRQHandler
                0x08007638                QUADSPI_IRQHandler
                0x08007638                I2C1_EV_IRQHandler
                0x08007638                DMA1_Stream6_IRQHandler
                0x08007638                DMAMUX1_OVR_IRQHandler
                0x08007638                DMA1_Stream1_IRQHandler
                0x08007638                UART4_IRQHandler
                0x08007638                BDMA_Channel5_IRQHandler
                0x08007638                TIM3_IRQHandler
                0x08007638                RCC_IRQHandler
                0x08007638                TIM8_BRK_TIM12_IRQHandler
                0x08007638                TIM1_TRG_COM_IRQHandler
                0x08007638                Default_Handler
                0x08007638                ECC_IRQHandler
                0x08007638                CEC_IRQHandler
                0x08007638                EXTI15_10_IRQHandler
                0x08007638                BDMA_Channel0_IRQHandler
                0x08007638                ADC_IRQHandler
                0x08007638                DMA1_Stream7_IRQHandler
                0x08007638                HRTIM1_TIMA_IRQHandler
                0x08007638                SPI5_IRQHandler
                0x08007638                TIM7_IRQHandler
                0x08007638                SDMMC1_IRQHandler
                0x08007638                TIM5_IRQHandler
                0x08007638                DMA2_Stream7_IRQHandler
                0x08007638                TIM15_IRQHandler
                0x08007638                PVD_AVD_IRQHandler
                0x08007638                I2C3_EV_IRQHandler
                0x08007638                EXTI9_5_IRQHandler
                0x08007638                RTC_WKUP_IRQHandler
                0x08007638                LTDC_IRQHandler
                0x08007638                SAI3_IRQHandler
                0x08007638                ETH_WKUP_IRQHandler
                0x08007638                SPDIF_RX_IRQHandler
                0x08007638                SPI2_IRQHandler
                0x08007638                OTG_HS_EP1_IN_IRQHandler
                0x08007638                DMA1_Stream0_IRQHandler
                0x08007638                CRS_IRQHandler
                0x08007638                RNG_IRQHandler
                0x08007638                HRTIM1_TIMB_IRQHandler
                0x08007638                FDCAN2_IT1_IRQHandler
                0x08007638                ETH_IRQHandler
                0x08007638                TIM1_UP_IRQHandler
                0x08007638                BDMA_Channel4_IRQHandler
                0x08007638                OTG_HS_EP1_OUT_IRQHandler
                0x08007638                WWDG_IRQHandler
                0x08007638                SPI6_IRQHandler
                0x08007638                MDIOS_IRQHandler
                0x08007638                I2C4_EV_IRQHandler
                0x08007638                FDCAN2_IT0_IRQHandler
                0x08007638                LPUART1_IRQHandler
                0x08007638                FDCAN1_IT0_IRQHandler
                0x08007638                TIM2_IRQHandler
                0x08007638                OTG_FS_WKUP_IRQHandler
                0x08007638                OTG_HS_IRQHandler
                0x08007638                DMA2D_IRQHandler
                0x08007638                TIM1_BRK_IRQHandler
                0x08007638                EXTI1_IRQHandler
                0x08007638                SDMMC2_IRQHandler
                0x08007638                OTG_FS_EP1_OUT_IRQHandler
                0x08007638                BDMA_Channel3_IRQHandler
                0x08007638                UART7_IRQHandler
                0x08007638                MDIOS_WKUP_IRQHandler
                0x08007638                USART2_IRQHandler
                0x08007638                DFSDM1_FLT0_IRQHandler
                0x08007638                SAI4_IRQHandler
                0x08007638                I2C2_ER_IRQHandler
                0x08007638                DMA2_Stream1_IRQHandler
                0x08007638                FLASH_IRQHandler
                0x08007638                DMA2_Stream4_IRQHandler
                0x08007638                USART1_IRQHandler
                0x08007638                OTG_FS_IRQHandler
                0x08007638                SPI3_IRQHandler
                0x08007638                WAKEUP_PIN_IRQHandler
                0x08007638                DMA1_Stream4_IRQHandler
                0x08007638                OTG_FS_EP1_IN_IRQHandler
                0x08007638                I2C1_ER_IRQHandler
                0x08007638                FMC_IRQHandler
                0x08007638                FDCAN_CAL_IRQHandler
                0x08007638                SWPMI1_IRQHandler
                0x08007638                COMP1_IRQHandler
                0x08007638                LPTIM1_IRQHandler
                0x08007638                I2C4_ER_IRQHandler
                0x08007638                DMA2_Stream6_IRQHandler
                0x08007638                SAI1_IRQHandler
                0x08007638                DMA1_Stream3_IRQHandler
 *fill*         0x0800763a        0x2 
 .text.HAL_Init
                0x0800763c       0x78 ./Drivers/STM32H7xx_HAL_Driver/Src/stm32h7xx_hal.o
                0x0800763c                HAL_Init
 .text.HAL_InitTick
                0x080076b4       0x6c ./Drivers/STM32H7xx_HAL_Driver/Src/stm32h7xx_hal.o
                0x080076b4                HAL_InitTick
 .text.HAL_IncTick
                0x08007720       0x28 ./Drivers/STM32H7xx_HAL_Driver/Src/stm32h7xx_hal.o
                0x08007720                HAL_IncTick
 .text.HAL_GetTick
                0x08007748       0x18 ./Drivers/STM32H7xx_HAL_Driver/Src/stm32h7xx_hal.o
                0x08007748                HAL_GetTick
 .text.HAL_Delay
                0x08007760       0x48 ./Drivers/STM32H7xx_HAL_Driver/Src/stm32h7xx_hal.o
                0x08007760                HAL_Delay
 .text.HAL_GetREVID
                0x080077a8       0x18 ./Drivers/STM32H7xx_HAL_Driver/Src/stm32h7xx_hal.o
                0x080077a8                HAL_GetREVID
 .text.__NVIC_SetPriorityGrouping
                0x080077c0       0x48 ./Drivers/STM32H7xx_HAL_Driver/Src/stm32h7xx_hal_cortex.o
 .text.__NVIC_GetPriorityGrouping
                0x08007808       0x1c ./Drivers/STM32H7xx_HAL_Driver/Src/stm32h7xx_hal_cortex.o
 .text.__NVIC_EnableIRQ
                0x08007824       0x3c ./Drivers/STM32H7xx_HAL_Driver/Src/stm32h7xx_hal_cortex.o
 .text.__NVIC_SetPriority
                0x08007860       0x54 ./Drivers/STM32H7xx_HAL_Driver/Src/stm32h7xx_hal_cortex.o
 .text.NVIC_EncodePriority
                0x080078b4       0x66 ./Drivers/STM32H7xx_HAL_Driver/Src/stm32h7xx_hal_cortex.o
 *fill*         0x0800791a        0x2 
 .text.SysTick_Config
                0x0800791c       0x44 ./Drivers/STM32H7xx_HAL_Driver/Src/stm32h7xx_hal_cortex.o
 .text.HAL_NVIC_SetPriorityGrouping
                0x08007960       0x16 ./Drivers/STM32H7xx_HAL_Driver/Src/stm32h7xx_hal_cortex.o
                0x08007960                HAL_NVIC_SetPriorityGrouping
 .text.HAL_NVIC_SetPriority
                0x08007976       0x34 ./Drivers/STM32H7xx_HAL_Driver/Src/stm32h7xx_hal_cortex.o
                0x08007976                HAL_NVIC_SetPriority
 .text.HAL_NVIC_EnableIRQ
                0x080079aa       0x1c ./Drivers/STM32H7xx_HAL_Driver/Src/stm32h7xx_hal_cortex.o
                0x080079aa                HAL_NVIC_EnableIRQ
 .text.HAL_SYSTICK_Config
                0x080079c6       0x18 ./Drivers/STM32H7xx_HAL_Driver/Src/stm32h7xx_hal_cortex.o
                0x080079c6                HAL_SYSTICK_Config
 *fill*         0x080079de        0x2 
 .text.HAL_MPU_Disable
                0x080079e0       0x30 ./Drivers/STM32H7xx_HAL_Driver/Src/stm32h7xx_hal_cortex.o
                0x080079e0                HAL_MPU_Disable
 .text.HAL_MPU_Enable
                0x08007a10       0x40 ./Drivers/STM32H7xx_HAL_Driver/Src/stm32h7xx_hal_cortex.o
                0x08007a10                HAL_MPU_Enable
 .text.HAL_MPU_ConfigRegion
                0x08007a50       0x80 ./Drivers/STM32H7xx_HAL_Driver/Src/stm32h7xx_hal_cortex.o
                0x08007a50                HAL_MPU_ConfigRegion
 .text.HAL_GPIO_Init
                0x08007ad0      0x360 ./Drivers/STM32H7xx_HAL_Driver/Src/stm32h7xx_hal_gpio.o
                0x08007ad0                HAL_GPIO_Init
 .text.HAL_GPIO_ReadPin
                0x08007e30       0x30 ./Drivers/STM32H7xx_HAL_Driver/Src/stm32h7xx_hal_gpio.o
                0x08007e30                HAL_GPIO_ReadPin
 .text.HAL_GPIO_WritePin
                0x08007e60       0x32 ./Drivers/STM32H7xx_HAL_Driver/Src/stm32h7xx_hal_gpio.o
                0x08007e60                HAL_GPIO_WritePin
 .text.HAL_GPIO_TogglePin
                0x08007e92       0x34 ./Drivers/STM32H7xx_HAL_Driver/Src/stm32h7xx_hal_gpio.o
                0x08007e92                HAL_GPIO_TogglePin
 *fill*         0x08007ec6        0x2 
 .text.HAL_PWREx_ConfigSupply
                0x08007ec8       0x74 ./Drivers/STM32H7xx_HAL_Driver/Src/stm32h7xx_hal_pwr_ex.o
                0x08007ec8                HAL_PWREx_ConfigSupply
 .text.HAL_RCC_OscConfig
                0x08007f3c      0x8b4 ./Drivers/STM32H7xx_HAL_Driver/Src/stm32h7xx_hal_rcc.o
                0x08007f3c                HAL_RCC_OscConfig
 .text.HAL_RCC_ClockConfig
                0x080087f0      0x36c ./Drivers/STM32H7xx_HAL_Driver/Src/stm32h7xx_hal_rcc.o
                0x080087f0                HAL_RCC_ClockConfig
 .text.HAL_RCC_GetSysClockFreq
                0x08008b5c      0x2f4 ./Drivers/STM32H7xx_HAL_Driver/Src/stm32h7xx_hal_rcc.o
                0x08008b5c                HAL_RCC_GetSysClockFreq
 .text.HAL_RCCEx_PeriphCLKConfig
                0x08008e50     0x1414 ./Drivers/STM32H7xx_HAL_Driver/Src/stm32h7xx_hal_rcc_ex.o
                0x08008e50                HAL_RCCEx_PeriphCLKConfig
 .text.RCCEx_PLL2_Config
                0x0800a264      0x164 ./Drivers/STM32H7xx_HAL_Driver/Src/stm32h7xx_hal_rcc_ex.o
 .text.RCCEx_PLL3_Config
                0x0800a3c8      0x164 ./Drivers/STM32H7xx_HAL_Driver/Src/stm32h7xx_hal_rcc_ex.o
 .text.HAL_SPI_Init
                0x0800a52c      0x248 ./Drivers/STM32H7xx_HAL_Driver/Src/stm32h7xx_hal_spi.o
                0x0800a52c                HAL_SPI_Init
 .text.HAL_SPI_TransmitReceive
                0x0800a774      0x674 ./Drivers/STM32H7xx_HAL_Driver/Src/stm32h7xx_hal_spi.o
                0x0800a774                HAL_SPI_TransmitReceive
 .text.SPI_CloseTransfer
                0x0800ade8      0x140 ./Drivers/STM32H7xx_HAL_Driver/Src/stm32h7xx_hal_spi.o
 .text.SPI_WaitOnFlagUntilTimeout
                0x0800af28       0x5c ./Drivers/STM32H7xx_HAL_Driver/Src/stm32h7xx_hal_spi.o
 .text.SPI_GetPacketSize
                0x0800af84       0x36 ./Drivers/STM32H7xx_HAL_Driver/Src/stm32h7xx_hal_spi.o
 .text.HAL_TIM_Base_Init
                0x0800afba       0xae ./Drivers/STM32H7xx_HAL_Driver/Src/stm32h7xx_hal_tim.o
                0x0800afba                HAL_TIM_Base_Init
 .text.HAL_TIM_Base_Start
                0x0800b068       0xe0 ./Drivers/STM32H7xx_HAL_Driver/Src/stm32h7xx_hal_tim.o
                0x0800b068                HAL_TIM_Base_Start
 .text.HAL_TIM_Base_Start_IT
                0x0800b148       0xf0 ./Drivers/STM32H7xx_HAL_Driver/Src/stm32h7xx_hal_tim.o
                0x0800b148                HAL_TIM_Base_Start_IT
 .text.TIM_Base_SetConfig
                0x0800b238      0x140 ./Drivers/STM32H7xx_HAL_Driver/Src/stm32h7xx_hal_tim.o
                0x0800b238                TIM_Base_SetConfig
 .text.HAL_TIMEx_MasterConfigSynchronization
                0x0800b378      0x11c ./Drivers/STM32H7xx_HAL_Driver/Src/stm32h7xx_hal_tim_ex.o
                0x0800b378                HAL_TIMEx_MasterConfigSynchronization
 .text.malloc   0x0800b494       0x10 C:/ST/STM32CubeIDE_1.17.0/STM32CubeIDE/plugins/com.st.stm32cube.ide.mcu.externaltools.gnu-tools-for-stm32.12.3.rel1.win32_1.1.0.202410251130/tools/bin/../lib/gcc/arm-none-eabi/12.3.1/../../../../arm-none-eabi/lib/thumb/v7e-m+dp/hard\libc_nano.a(libc_a-malloc.o)
                0x0800b494                malloc
 .text.free     0x0800b4a4       0x10 C:/ST/STM32CubeIDE_1.17.0/STM32CubeIDE/plugins/com.st.stm32cube.ide.mcu.externaltools.gnu-tools-for-stm32.12.3.rel1.win32_1.1.0.202410251130/tools/bin/../lib/gcc/arm-none-eabi/12.3.1/../../../../arm-none-eabi/lib/thumb/v7e-m+dp/hard\libc_nano.a(libc_a-malloc.o)
                0x0800b4a4                free
 .text.sbrk_aligned
                0x0800b4b4       0x44 C:/ST/STM32CubeIDE_1.17.0/STM32CubeIDE/plugins/com.st.stm32cube.ide.mcu.externaltools.gnu-tools-for-stm32.12.3.rel1.win32_1.1.0.202410251130/tools/bin/../lib/gcc/arm-none-eabi/12.3.1/../../../../arm-none-eabi/lib/thumb/v7e-m+dp/hard\libc_nano.a(libc_a-mallocr.o)
 .text._malloc_r
                0x0800b4f8      0x100 C:/ST/STM32CubeIDE_1.17.0/STM32CubeIDE/plugins/com.st.stm32cube.ide.mcu.externaltools.gnu-tools-for-stm32.12.3.rel1.win32_1.1.0.202410251130/tools/bin/../lib/gcc/arm-none-eabi/12.3.1/../../../../arm-none-eabi/lib/thumb/v7e-m+dp/hard\libc_nano.a(libc_a-mallocr.o)
                0x0800b4f8                _malloc_r
 .text.__malloc_lock
                0x0800b5f8        0xc C:/ST/STM32CubeIDE_1.17.0/STM32CubeIDE/plugins/com.st.stm32cube.ide.mcu.externaltools.gnu-tools-for-stm32.12.3.rel1.win32_1.1.0.202410251130/tools/bin/../lib/gcc/arm-none-eabi/12.3.1/../../../../arm-none-eabi/lib/thumb/v7e-m+dp/hard\libc_nano.a(libc_a-mlock.o)
                0x0800b5f8                __malloc_lock
 .text.__malloc_unlock
                0x0800b604        0xc C:/ST/STM32CubeIDE_1.17.0/STM32CubeIDE/plugins/com.st.stm32cube.ide.mcu.externaltools.gnu-tools-for-stm32.12.3.rel1.win32_1.1.0.202410251130/tools/bin/../lib/gcc/arm-none-eabi/12.3.1/../../../../arm-none-eabi/lib/thumb/v7e-m+dp/hard\libc_nano.a(libc_a-mlock.o)
                0x0800b604                __malloc_unlock
 .text.memset   0x0800b610       0x10 C:/ST/STM32CubeIDE_1.17.0/STM32CubeIDE/plugins/com.st.stm32cube.ide.mcu.externaltools.gnu-tools-for-stm32.12.3.rel1.win32_1.1.0.202410251130/tools/bin/../lib/gcc/arm-none-eabi/12.3.1/../../../../arm-none-eabi/lib/thumb/v7e-m+dp/hard\libc_nano.a(libc_a-memset.o)
                0x0800b610                memset
 .text._sbrk_r  0x0800b620       0x20 C:/ST/STM32CubeIDE_1.17.0/STM32CubeIDE/plugins/com.st.stm32cube.ide.mcu.externaltools.gnu-tools-for-stm32.12.3.rel1.win32_1.1.0.202410251130/tools/bin/../lib/gcc/arm-none-eabi/12.3.1/../../../../arm-none-eabi/lib/thumb/v7e-m+dp/hard\libc_nano.a(libc_a-sbrkr.o)
                0x0800b620                _sbrk_r
 .text.__errno  0x0800b640        0xc C:/ST/STM32CubeIDE_1.17.0/STM32CubeIDE/plugins/com.st.stm32cube.ide.mcu.externaltools.gnu-tools-for-stm32.12.3.rel1.win32_1.1.0.202410251130/tools/bin/../lib/gcc/arm-none-eabi/12.3.1/../../../../arm-none-eabi/lib/thumb/v7e-m+dp/hard\libc_nano.a(libc_a-errno.o)
                0x0800b640                __errno
 .text.__libc_init_array
                0x0800b64c       0x48 C:/ST/STM32CubeIDE_1.17.0/STM32CubeIDE/plugins/com.st.stm32cube.ide.mcu.externaltools.gnu-tools-for-stm32.12.3.rel1.win32_1.1.0.202410251130/tools/bin/../lib/gcc/arm-none-eabi/12.3.1/../../../../arm-none-eabi/lib/thumb/v7e-m+dp/hard\libc_nano.a(libc_a-init.o)
                0x0800b64c                __libc_init_array
 .text.__retarget_lock_acquire_recursive
                0x0800b694        0x2 C:/ST/STM32CubeIDE_1.17.0/STM32CubeIDE/plugins/com.st.stm32cube.ide.mcu.externaltools.gnu-tools-for-stm32.12.3.rel1.win32_1.1.0.202410251130/tools/bin/../lib/gcc/arm-none-eabi/12.3.1/../../../../arm-none-eabi/lib/thumb/v7e-m+dp/hard\libc_nano.a(libc_a-lock.o)
                0x0800b694                __retarget_lock_acquire_recursive
 .text.__retarget_lock_release_recursive
                0x0800b696        0x2 C:/ST/STM32CubeIDE_1.17.0/STM32CubeIDE/plugins/com.st.stm32cube.ide.mcu.externaltools.gnu-tools-for-stm32.12.3.rel1.win32_1.1.0.202410251130/tools/bin/../lib/gcc/arm-none-eabi/12.3.1/../../../../arm-none-eabi/lib/thumb/v7e-m+dp/hard\libc_nano.a(libc_a-lock.o)
                0x0800b696                __retarget_lock_release_recursive
 .text.memcpy   0x0800b698       0x1c C:/ST/STM32CubeIDE_1.17.0/STM32CubeIDE/plugins/com.st.stm32cube.ide.mcu.externaltools.gnu-tools-for-stm32.12.3.rel1.win32_1.1.0.202410251130/tools/bin/../lib/gcc/arm-none-eabi/12.3.1/../../../../arm-none-eabi/lib/thumb/v7e-m+dp/hard\libc_nano.a(libc_a-memcpy-stub.o)
                0x0800b698                memcpy
 .text._free_r  0x0800b6b4       0x94 C:/ST/STM32CubeIDE_1.17.0/STM32CubeIDE/plugins/com.st.stm32cube.ide.mcu.externaltools.gnu-tools-for-stm32.12.3.rel1.win32_1.1.0.202410251130/tools/bin/../lib/gcc/arm-none-eabi/12.3.1/../../../../arm-none-eabi/lib/thumb/v7e-m+dp/hard\libc_nano.a(libc_a-freer.o)
                0x0800b6b4                _free_r
 *(.glue_7)
 .glue_7        0x0800b748        0x0 linker stubs
 *(.glue_7t)
 .glue_7t       0x0800b748        0x0 linker stubs
 *(.eh_frame)
 .eh_frame      0x0800b748        0x0 C:/ST/STM32CubeIDE_1.17.0/STM32CubeIDE/plugins/com.st.stm32cube.ide.mcu.externaltools.gnu-tools-for-stm32.12.3.rel1.win32_1.1.0.202410251130/tools/bin/../lib/gcc/arm-none-eabi/12.3.1/thumb/v7e-m+dp/hard/crtbegin.o
 *(.init)
 .init          0x0800b748        0x4 C:/ST/STM32CubeIDE_1.17.0/STM32CubeIDE/plugins/com.st.stm32cube.ide.mcu.externaltools.gnu-tools-for-stm32.12.3.rel1.win32_1.1.0.202410251130/tools/bin/../lib/gcc/arm-none-eabi/12.3.1/thumb/v7e-m+dp/hard/crti.o
                0x0800b748                _init
 .init          0x0800b74c        0x8 C:/ST/STM32CubeIDE_1.17.0/STM32CubeIDE/plugins/com.st.stm32cube.ide.mcu.externaltools.gnu-tools-for-stm32.12.3.rel1.win32_1.1.0.202410251130/tools/bin/../lib/gcc/arm-none-eabi/12.3.1/thumb/v7e-m+dp/hard/crtn.o
 *(.fini)
 .fini          0x0800b754        0x4 C:/ST/STM32CubeIDE_1.17.0/STM32CubeIDE/plugins/com.st.stm32cube.ide.mcu.externaltools.gnu-tools-for-stm32.12.3.rel1.win32_1.1.0.202410251130/tools/bin/../lib/gcc/arm-none-eabi/12.3.1/thumb/v7e-m+dp/hard/crti.o
                0x0800b754                _fini
 .fini          0x0800b758        0x8 C:/ST/STM32CubeIDE_1.17.0/STM32CubeIDE/plugins/com.st.stm32cube.ide.mcu.externaltools.gnu-tools-for-stm32.12.3.rel1.win32_1.1.0.202410251130/tools/bin/../lib/gcc/arm-none-eabi/12.3.1/thumb/v7e-m+dp/hard/crtn.o
                0x0800b760                        . = ALIGN (0x4)
                0x0800b760                        _etext = .

.vfp11_veneer   0x0800b760        0x0
 .vfp11_veneer  0x0800b760        0x0 linker stubs

.v4_bx          0x0800b760        0x0
 .v4_bx         0x0800b760        0x0 linker stubs

.iplt           0x0800b760        0x0
 .iplt          0x0800b760        0x0 C:/ST/STM32CubeIDE_1.17.0/STM32CubeIDE/plugins/com.st.stm32cube.ide.mcu.externaltools.gnu-tools-for-stm32.12.3.rel1.win32_1.1.0.202410251130/tools/bin/../lib/gcc/arm-none-eabi/12.3.1/thumb/v7e-m+dp/hard/crtbegin.o

.rodata         0x0800b760      0x678
                0x0800b760                        . = ALIGN (0x4)
 *(.rodata)
 *(.rodata*)
 .rodata.asEntryDesc0x1600
                0x0800b760        0xc ./Core/EtherCAT/coeappl.o
                0x0800b760                asEntryDesc0x1600
 .rodata.aName0x1600
                0x0800b76c       0x30 ./Core/EtherCAT/coeappl.o
                0x0800b76c                aName0x1600
 .rodata.asEntryDesc0x1A00
                0x0800b79c        0xc ./Core/EtherCAT/coeappl.o
                0x0800b79c                asEntryDesc0x1A00
 .rodata.aName0x1A00
                0x0800b7a8       0x2f ./Core/EtherCAT/coeappl.o
                0x0800b7a8                aName0x1A00
 *fill*         0x0800b7d7        0x1 
 .rodata.asEntryDesc0x1C12
                0x0800b7d8        0xc ./Core/EtherCAT/coeappl.o
                0x0800b7d8                asEntryDesc0x1C12
 .rodata.aName0x1C12
                0x0800b7e4       0x1b ./Core/EtherCAT/coeappl.o
                0x0800b7e4                aName0x1C12
 *fill*         0x0800b7ff        0x1 
 .rodata.asEntryDesc0x1C13
                0x0800b800        0xc ./Core/EtherCAT/coeappl.o
                0x0800b800                asEntryDesc0x1C13
 .rodata.aName0x1C13
                0x0800b80c       0x1b ./Core/EtherCAT/coeappl.o
                0x0800b80c                aName0x1C13
 *fill*         0x0800b827        0x1 
 .rodata.asEntryDesc0x6000
                0x0800b828        0xc ./Core/EtherCAT/coeappl.o
                0x0800b828                asEntryDesc0x6000
 .rodata.aName0x6000
                0x0800b834       0x19 ./Core/EtherCAT/coeappl.o
                0x0800b834                aName0x6000
 *fill*         0x0800b84d        0x3 
 .rodata.asEntryDesc0x7000
                0x0800b850        0xc ./Core/EtherCAT/coeappl.o
                0x0800b850                asEntryDesc0x7000
 .rodata.aName0x7000
                0x0800b85c       0x1b ./Core/EtherCAT/coeappl.o
                0x0800b85c                aName0x7000
 *fill*         0x0800b877        0x1 
 .rodata.asEntryDesc0xF000
                0x0800b878       0x12 ./Core/EtherCAT/coeappl.o
                0x0800b878                asEntryDesc0xF000
 *fill*         0x0800b88a        0x2 
 .rodata.aName0xF000
                0x0800b88c       0x44 ./Core/EtherCAT/coeappl.o
                0x0800b88c                aName0xF000
 .rodata.sEntryDesc0x1000
                0x0800b8d0        0x6 ./Core/EtherCAT/coeappl.o
                0x0800b8d0                sEntryDesc0x1000
 *fill*         0x0800b8d6        0x2 
 .rodata.aName0x1000
                0x0800b8d8        0xc ./Core/EtherCAT/coeappl.o
                0x0800b8d8                aName0x1000
 .rodata.sEntryDesc0x1001
                0x0800b8e4        0x6 ./Core/EtherCAT/coeappl.o
                0x0800b8e4                sEntryDesc0x1001
 *fill*         0x0800b8ea        0x2 
 .rodata.aName0x1001
                0x0800b8ec        0xf ./Core/EtherCAT/coeappl.o
                0x0800b8ec                aName0x1001
 *fill*         0x0800b8fb        0x1 
 .rodata.sEntryDesc0x1008
                0x0800b8fc        0x6 ./Core/EtherCAT/coeappl.o
                0x0800b8fc                sEntryDesc0x1008
 *fill*         0x0800b902        0x2 
 .rodata.aName0x1008
                0x0800b904        0xc ./Core/EtherCAT/coeappl.o
                0x0800b904                aName0x1008
 .rodata.sEntryDesc0x1009
                0x0800b910        0x6 ./Core/EtherCAT/coeappl.o
                0x0800b910                sEntryDesc0x1009
 *fill*         0x0800b916        0x2 
 .rodata.aName0x1009
                0x0800b918       0x1e ./Core/EtherCAT/coeappl.o
                0x0800b918                aName0x1009
 *fill*         0x0800b936        0x2 
 .rodata.sEntryDesc0x100A
                0x0800b938        0x6 ./Core/EtherCAT/coeappl.o
                0x0800b938                sEntryDesc0x100A
 *fill*         0x0800b93e        0x2 
 .rodata.aName0x100A
                0x0800b940       0x1e ./Core/EtherCAT/coeappl.o
                0x0800b940                aName0x100A
 *fill*         0x0800b95e        0x2 
 .rodata.asEntryDesc0x1018
                0x0800b960       0x1e ./Core/EtherCAT/coeappl.o
                0x0800b960                asEntryDesc0x1018
 *fill*         0x0800b97e        0x2 
 .rodata.aName0x1018
                0x0800b980       0x47 ./Core/EtherCAT/coeappl.o
                0x0800b980                aName0x1018
 *fill*         0x0800b9c7        0x1 
 .rodata.asEntryDesc0x10F1
                0x0800b9c8       0x12 ./Core/EtherCAT/coeappl.o
                0x0800b9c8                asEntryDesc0x10F1
 *fill*         0x0800b9da        0x2 
 .rodata.aName0x10F1
                0x0800b9dc       0x3f ./Core/EtherCAT/coeappl.o
                0x0800b9dc                aName0x10F1
 *fill*         0x0800ba1b        0x1 
 .rodata.sEntryDesc0x10F8
                0x0800ba1c        0x6 ./Core/EtherCAT/coeappl.o
                0x0800ba1c                sEntryDesc0x10F8
 *fill*         0x0800ba22        0x2 
 .rodata.aName0x10F8
                0x0800ba24       0x13 ./Core/EtherCAT/coeappl.o
                0x0800ba24                aName0x10F8
 *fill*         0x0800ba37        0x1 
 .rodata.asEntryDesc0x1C00
                0x0800ba38        0xc ./Core/EtherCAT/coeappl.o
                0x0800ba38                asEntryDesc0x1C00
 .rodata.aName0x1C00
                0x0800ba44       0x12 ./Core/EtherCAT/coeappl.o
                0x0800ba44                aName0x1C00
 *fill*         0x0800ba56        0x2 
 .rodata.asEntryDesc0x1C3x
                0x0800ba58       0xc6 ./Core/EtherCAT/coeappl.o
                0x0800ba58                asEntryDesc0x1C3x
 *fill*         0x0800bb1e        0x2 
 .rodata.aName0x1C32
                0x0800bb20      0x108 ./Core/EtherCAT/coeappl.o
                0x0800bb20                aName0x1C32
 .rodata.aName0x1C33
                0x0800bc28      0x107 ./Core/EtherCAT/coeappl.o
                0x0800bc28                aName0x1C33
 *fill*         0x0800bd2f        0x1 
 .rodata.cBitMask
                0x0800bd30       0x20 ./Core/EtherCAT/objdef.o
                0x0800bd30                cBitMask
 .rodata.cAbortCode
                0x0800bd50       0x78 ./Core/EtherCAT/sdoserv.o
                0x0800bd50                cAbortCode
 .rodata.D1CorePrescTable
                0x0800bdc8       0x10 ./Core/Src/system_stm32h7xx.o
                0x0800bdc8                D1CorePrescTable
                0x0800bdd8                        . = ALIGN (0x4)

.ARM.extab
 *(.ARM.extab* .gnu.linkonce.armextab.*)

.ARM            0x0800bdd8        0x8
                0x0800bdd8                        __exidx_start = .
 *(.ARM.exidx*)
 .ARM.exidx     0x0800bdd8        0x8 C:/ST/STM32CubeIDE_1.17.0/STM32CubeIDE/plugins/com.st.stm32cube.ide.mcu.externaltools.gnu-tools-for-stm32.12.3.rel1.win32_1.1.0.202410251130/tools/bin/../lib/gcc/arm-none-eabi/12.3.1/../../../../arm-none-eabi/lib/thumb/v7e-m+dp/hard\libc_nano.a(libc_a-strlen.o)
                0x0800bde0                        __exidx_end = .

.preinit_array  0x0800bde0        0x0
                0x0800bde0                        PROVIDE (__preinit_array_start = .)
 *(.preinit_array*)
                0x0800bde0                        PROVIDE (__preinit_array_end = .)

.init_array     0x0800bde0        0x4
                0x0800bde0                        PROVIDE (__init_array_start = .)
 *(SORT_BY_NAME(.init_array.*))
 *(.init_array*)
 .init_array    0x0800bde0        0x4 C:/ST/STM32CubeIDE_1.17.0/STM32CubeIDE/plugins/com.st.stm32cube.ide.mcu.externaltools.gnu-tools-for-stm32.12.3.rel1.win32_1.1.0.202410251130/tools/bin/../lib/gcc/arm-none-eabi/12.3.1/thumb/v7e-m+dp/hard/crtbegin.o
                0x0800bde4                        PROVIDE (__init_array_end = .)

.fini_array     0x0800bde4        0x4
                [!provide]                        PROVIDE (__fini_array_start = .)
 *(SORT_BY_NAME(.fini_array.*))
 *(.fini_array*)
 .fini_array    0x0800bde4        0x4 C:/ST/STM32CubeIDE_1.17.0/STM32CubeIDE/plugins/com.st.stm32cube.ide.mcu.externaltools.gnu-tools-for-stm32.12.3.rel1.win32_1.1.0.202410251130/tools/bin/../lib/gcc/arm-none-eabi/12.3.1/thumb/v7e-m+dp/hard/crtbegin.o
                [!provide]                        PROVIDE (__fini_array_end = .)
                0x0800bde8                        _sidata = LOADADDR (.data)

.rel.dyn        0x0800bde8        0x0
 .rel.iplt      0x0800bde8        0x0 C:/ST/STM32CubeIDE_1.17.0/STM32CubeIDE/plugins/com.st.stm32cube.ide.mcu.externaltools.gnu-tools-for-stm32.12.3.rel1.win32_1.1.0.202410251130/tools/bin/../lib/gcc/arm-none-eabi/12.3.1/thumb/v7e-m+dp/hard/crtbegin.o

.data           0x24000000      0x40c load address 0x0800bde8
                0x24000000                        . = ALIGN (0x4)
                0x24000000                        _sdata = .
 *(.data)
 *(.data*)
 .data.OUT_GENERICProcessDataMapping0x1600
                0x24000000        0x8 ./Core/EtherCAT/Microcontroller_Asix58100_ESI.o
                0x24000000                OUT_GENERICProcessDataMapping0x1600
 .data.IN_GENERICProcessDataMapping0x1A00
                0x24000008        0x8 ./Core/EtherCAT/Microcontroller_Asix58100_ESI.o
                0x24000008                IN_GENERICProcessDataMapping0x1A00
 .data.sRxPDOassign
                0x24000010        0x4 ./Core/EtherCAT/Microcontroller_Asix58100_ESI.o
                0x24000010                sRxPDOassign
 .data.sTxPDOassign
                0x24000014        0x4 ./Core/EtherCAT/Microcontroller_Asix58100_ESI.o
                0x24000014                sTxPDOassign
 .data.IN_GENERIC0x6000
                0x24000018        0x4 ./Core/EtherCAT/Microcontroller_Asix58100_ESI.o
                0x24000018                IN_GENERIC0x6000
 .data.OUT_GENERIC0x7000
                0x2400001c        0x4 ./Core/EtherCAT/Microcontroller_Asix58100_ESI.o
                0x2400001c                OUT_GENERIC0x7000
 .data.ModularDeviceProfile0xF000
                0x24000020        0x6 ./Core/EtherCAT/Microcontroller_Asix58100_ESI.o
                0x24000020                ModularDeviceProfile0xF000
 *fill*         0x24000026        0x2 
 .data.ApplicationObjDic
                0x24000028      0x140 ./Core/EtherCAT/coeappl.o
                0x24000028                ApplicationObjDic
 .data.u32Devicetype
                0x24000168        0x4 ./Core/EtherCAT/coeappl.o
                0x24000168                u32Devicetype
 .data.acDevicename
                0x2400016c       0x16 ./Core/EtherCAT/coeappl.o
                0x2400016c                acDevicename
 *fill*         0x24000182        0x2 
 .data.acHardwareversion
                0x24000184        0x6 ./Core/EtherCAT/coeappl.o
                0x24000184                acHardwareversion
 *fill*         0x2400018a        0x2 
 .data.acSoftwareversion
                0x2400018c        0x6 ./Core/EtherCAT/coeappl.o
                0x2400018c                acSoftwareversion
 *fill*         0x24000192        0x2 
 .data.sIdentity
                0x24000194       0x14 ./Core/EtherCAT/coeappl.o
                0x24000194                sIdentity
 .data.sSyncmanagertype
                0x240001a8        0x6 ./Core/EtherCAT/coeappl.o
                0x240001a8                sSyncmanagertype
 *fill*         0x240001ae        0x2 
 .data.GenObjDic
                0x240001b0      0x1e0 ./Core/EtherCAT/coeappl.o
                0x240001b0                GenObjDic
 .data.sErrorSettings
                0x24000390        0xc ./Core/EtherCAT/objdef.o
                0x24000390                sErrorSettings
 .data.aSubindexDesc
                0x2400039c        0xd ./Core/EtherCAT/objdef.o
                0x2400039c                aSubindexDesc
 *fill*         0x240003a9        0x3 
 .data.SystemCoreClock
                0x240003ac        0x4 ./Core/Src/system_stm32h7xx.o
                0x240003ac                SystemCoreClock
 .data.SystemD2Clock
                0x240003b0        0x4 ./Core/Src/system_stm32h7xx.o
                0x240003b0                SystemD2Clock
 .data.uwTickPrio
                0x240003b4        0x4 ./Drivers/STM32H7xx_HAL_Driver/Src/stm32h7xx_hal.o
                0x240003b4                uwTickPrio
 .data.uwTickFreq
                0x240003b8        0x1 ./Drivers/STM32H7xx_HAL_Driver/Src/stm32h7xx_hal.o
                0x240003b8                uwTickFreq
 *fill*         0x240003b9        0x3 
 .data._impure_ptr
                0x240003bc        0x4 C:/ST/STM32CubeIDE_1.17.0/STM32CubeIDE/plugins/com.st.stm32cube.ide.mcu.externaltools.gnu-tools-for-stm32.12.3.rel1.win32_1.1.0.202410251130/tools/bin/../lib/gcc/arm-none-eabi/12.3.1/../../../../arm-none-eabi/lib/thumb/v7e-m+dp/hard\libc_nano.a(libc_a-impure.o)
                0x240003bc                _impure_ptr
 .data._impure_data
                0x240003c0       0x4c C:/ST/STM32CubeIDE_1.17.0/STM32CubeIDE/plugins/com.st.stm32cube.ide.mcu.externaltools.gnu-tools-for-stm32.12.3.rel1.win32_1.1.0.202410251130/tools/bin/../lib/gcc/arm-none-eabi/12.3.1/../../../../arm-none-eabi/lib/thumb/v7e-m+dp/hard\libc_nano.a(libc_a-impure.o)
                0x240003c0                _impure_data
 *(.RamFunc)
 *(.RamFunc*)
                0x2400040c                        . = ALIGN (0x4)
                0x2400040c                        _edata = .

.igot.plt       0x2400040c        0x0 load address 0x0800c1f4
 .igot.plt      0x2400040c        0x0 C:/ST/STM32CubeIDE_1.17.0/STM32CubeIDE/plugins/com.st.stm32cube.ide.mcu.externaltools.gnu-tools-for-stm32.12.3.rel1.win32_1.1.0.202410251130/tools/bin/../lib/gcc/arm-none-eabi/12.3.1/thumb/v7e-m+dp/hard/crtbegin.o
                0x2400040c                        . = ALIGN (0x4)

.bss            0x24000410      0x4dc load address 0x0800c1f4
                0x24000410                        _sbss = .
                0x24000410                        __bss_start__ = _sbss
 *(.bss)
 .bss           0x24000410       0x1c C:/ST/STM32CubeIDE_1.17.0/STM32CubeIDE/plugins/com.st.stm32cube.ide.mcu.externaltools.gnu-tools-for-stm32.12.3.rel1.win32_1.1.0.202410251130/tools/bin/../lib/gcc/arm-none-eabi/12.3.1/thumb/v7e-m+dp/hard/crtbegin.o
 *(.bss*)
 .bss.EscALEvent
                0x2400042c        0x2 ./Core/EtherCAT/ax58100_hw.o
                0x2400042c                EscALEvent
 .bss.bootSwitchID
                0x2400042e        0x2 ./Core/EtherCAT/ax58100_hw.o
                0x2400042e                bootSwitchID
 .bss.spiTxBuf  0x24000430        0xc ./Core/EtherCAT/ax58100_hw.o
                0x24000430                spiTxBuf
 .bss.spiRxBuf  0x2400043c        0xc ./Core/EtherCAT/ax58100_hw.o
                0x2400043c                spiRxBuf
 .bss.u64Timestamp
                0x24000448        0x8 ./Core/EtherCAT/coeappl.o
                0x24000448                u64Timestamp
 .bss.u32LastDc32Value
                0x24000450        0x4 ./Core/EtherCAT/coeappl.o
                0x24000450                u32LastDc32Value
 .bss.u32CheckForDcOverrunCnt
                0x24000454        0x4 ./Core/EtherCAT/coeappl.o
                0x24000454                u32CheckForDcOverrunCnt
 .bss.u16ErrorRegister
                0x24000458        0x2 ./Core/EtherCAT/coeappl.o
                0x24000458                u16ErrorRegister
 *fill*         0x2400045a        0x2 
 .bss.ObjDicList
                0x2400045c        0x4 ./Core/EtherCAT/coeappl.o
                0x2400045c                ObjDicList
 .bss.bRunApplication
                0x24000460        0x1 ./Core/EtherCAT/ecatappl.o
                0x24000460                bRunApplication
 *fill*         0x24000461        0x3 
 .bss.pAPPL_CoeReadInd
                0x24000464        0x4 ./Core/EtherCAT/ecatappl.o
                0x24000464                pAPPL_CoeReadInd
 .bss.pAPPL_CoeWriteInd
                0x24000468        0x4 ./Core/EtherCAT/ecatappl.o
                0x24000468                pAPPL_CoeWriteInd
 .bss.pAPPL_MainLoop
                0x2400046c        0x4 ./Core/EtherCAT/ecatappl.o
                0x2400046c                pAPPL_MainLoop
 .bss.u32CycleTimeStartValue
                0x24000470        0x4 ./Core/EtherCAT/ecatappl.o
                0x24000470                u32CycleTimeStartValue
 .bss.u32MinCycleTimeStartValue
                0x24000474        0x4 ./Core/EtherCAT/ecatappl.o
                0x24000474                u32MinCycleTimeStartValue
 .bss.u32SystemTimeReadFailure
                0x24000478        0x4 ./Core/EtherCAT/ecatappl.o
                0x24000478                u32SystemTimeReadFailure
 .bss.bMinCycleTimeMeasurementStarted
                0x2400047c        0x1 ./Core/EtherCAT/ecatappl.o
                0x2400047c                bMinCycleTimeMeasurementStarted
 *fill*         0x2400047d        0x3 
 .bss.u32MinCycleTimeValue
                0x24000480        0x4 ./Core/EtherCAT/ecatappl.o
                0x24000480                u32MinCycleTimeValue
 .bss.aPdOutputData
                0x24000484        0x4 ./Core/EtherCAT/ecatappl.o
                0x24000484                aPdOutputData
 .bss.aPdInputData
                0x24000488       0x38 ./Core/EtherCAT/ecatappl.o
                0x24000488                aPdInputData
 .bss.bInitFinished
                0x240004c0        0x1 ./Core/EtherCAT/ecatappl.o
                0x240004c0                bInitFinished
 *fill*         0x240004c1        0x3 
 .bss.pCoeSendStored
                0x240004c4        0x4 ./Core/EtherCAT/ecatcoe.o
                0x240004c4                pCoeSendStored
 .bss.bEcatOutputUpdateRunning
                0x240004c8        0x1 ./Core/EtherCAT/ecatslv.o
                0x240004c8                bEcatOutputUpdateRunning
 .bss.bEcatInputUpdateRunning
                0x240004c9        0x1 ./Core/EtherCAT/ecatslv.o
                0x240004c9                bEcatInputUpdateRunning
 .bss.bEcatFirstOutputsReceived
                0x240004ca        0x1 ./Core/EtherCAT/ecatslv.o
                0x240004ca                bEcatFirstOutputsReceived
 .bss.bWdTrigger
                0x240004cb        0x1 ./Core/EtherCAT/ecatslv.o
                0x240004cb                bWdTrigger
 .bss.bDcSyncActive
                0x240004cc        0x1 ./Core/EtherCAT/ecatslv.o
                0x240004cc                bDcSyncActive
 *fill*         0x240004cd        0x1 
 .bss.EsmTimeoutCounter
                0x240004ce        0x2 ./Core/EtherCAT/ecatslv.o
                0x240004ce                EsmTimeoutCounter
 .bss.bDcRunning
                0x240004d0        0x1 ./Core/EtherCAT/ecatslv.o
                0x240004d0                bDcRunning
 *fill*         0x240004d1        0x1 
 .bss.u16SmSync0Counter
                0x240004d2        0x2 ./Core/EtherCAT/ecatslv.o
                0x240004d2                u16SmSync0Counter
 .bss.u16SmSync0Value
                0x240004d4        0x2 ./Core/EtherCAT/ecatslv.o
                0x240004d4                u16SmSync0Value
 .bss.bSmSyncSequenceValid
                0x240004d6        0x1 ./Core/EtherCAT/ecatslv.o
                0x240004d6                bSmSyncSequenceValid
 *fill*         0x240004d7        0x1 
 .bss.i16WaitForPllRunningTimeout
                0x240004d8        0x2 ./Core/EtherCAT/ecatslv.o
                0x240004d8                i16WaitForPllRunningTimeout
 .bss.i16WaitForPllRunningCnt
                0x240004da        0x2 ./Core/EtherCAT/ecatslv.o
                0x240004da                i16WaitForPllRunningCnt
 .bss.Sync0WdCounter
                0x240004dc        0x2 ./Core/EtherCAT/ecatslv.o
                0x240004dc                Sync0WdCounter
 .bss.Sync0WdValue
                0x240004de        0x2 ./Core/EtherCAT/ecatslv.o
                0x240004de                Sync0WdValue
 .bss.Sync1WdCounter
                0x240004e0        0x2 ./Core/EtherCAT/ecatslv.o
                0x240004e0                Sync1WdCounter
 .bss.Sync1WdValue
                0x240004e2        0x2 ./Core/EtherCAT/ecatslv.o
                0x240004e2                Sync1WdValue
 .bss.LatchInputSync0Value
                0x240004e4        0x2 ./Core/EtherCAT/ecatslv.o
                0x240004e4                LatchInputSync0Value
 .bss.LatchInputSync0Counter
                0x240004e6        0x2 ./Core/EtherCAT/ecatslv.o
                0x240004e6                LatchInputSync0Counter
 .bss.b32BitDc  0x240004e8        0x1 ./Core/EtherCAT/ecatslv.o
                0x240004e8                b32BitDc
 .bss.bEscIntEnabled
                0x240004e9        0x1 ./Core/EtherCAT/ecatslv.o
                0x240004e9                bEscIntEnabled
 .bss.b3BufferMode
                0x240004ea        0x1 ./Core/EtherCAT/ecatslv.o
                0x240004ea                b3BufferMode
 *fill*         0x240004eb        0x1 
 .bss.u16LocalErrorCode
                0x240004ec        0x2 ./Core/EtherCAT/ecatslv.o
                0x240004ec                u16LocalErrorCode
 .bss.u8LocalErrorState
                0x240004ee        0x1 ./Core/EtherCAT/ecatslv.o
                0x240004ee                u8LocalErrorState
 .bss.bApplEsmPending
                0x240004ef        0x1 ./Core/EtherCAT/ecatslv.o
                0x240004ef                bApplEsmPending
 .bss.bEcatWaitForAlControlRes
                0x240004f0        0x1 ./Core/EtherCAT/ecatslv.o
                0x240004f0                bEcatWaitForAlControlRes
 *fill*         0x240004f1        0x1 
 .bss.nEcatStateTrans
                0x240004f2        0x2 ./Core/EtherCAT/ecatslv.o
                0x240004f2                nEcatStateTrans
 .bss.nPdInputSize
                0x240004f4        0x2 ./Core/EtherCAT/ecatslv.o
                0x240004f4                nPdInputSize
 .bss.nPdOutputSize
                0x240004f6        0x2 ./Core/EtherCAT/ecatslv.o
                0x240004f6                nPdOutputSize
 .bss.nMaxSyncMan
                0x240004f8        0x1 ./Core/EtherCAT/ecatslv.o
                0x240004f8                nMaxSyncMan
 *fill*         0x240004f9        0x1 
 .bss.nMaxEscAddress
                0x240004fa        0x2 ./Core/EtherCAT/ecatslv.o
                0x240004fa                nMaxEscAddress
 .bss.nAlStatus
                0x240004fc        0x1 ./Core/EtherCAT/ecatslv.o
                0x240004fc                nAlStatus
 .bss.bExplicitDevIdRequested
                0x240004fd        0x1 ./Core/EtherCAT/ecatslv.o
                0x240004fd                bExplicitDevIdRequested
 .bss.EcatWdValue
                0x240004fe        0x2 ./Core/EtherCAT/ecatslv.o
                0x240004fe                EcatWdValue
 .bss.nEscAddrOutputData
                0x24000500        0x2 ./Core/EtherCAT/ecatslv.o
                0x24000500                nEscAddrOutputData
 .bss.nEscAddrInputData
                0x24000502        0x2 ./Core/EtherCAT/ecatslv.o
                0x24000502                nEscAddrInputData
 .bss.u16ALEventMask
                0x24000504        0x2 ./Core/EtherCAT/ecatslv.o
                0x24000504                u16ALEventMask
 .bss.u16IdValue
                0x24000506        0x2 ./Core/EtherCAT/ecatslv.o
                0x24000506                u16IdValue
 .bss.u8dummy   0x24000508        0x1 ./Core/EtherCAT/ecatslv.o
                0x24000508                u8dummy
 .bss.SMActivate
                0x24000509        0x1 ./Core/EtherCAT/ecatslv.o
                0x24000509                SMActivate
 *fill*         0x2400050a        0x2 
 .bss.SyncManInfo
                0x2400050c        0x8 ./Core/EtherCAT/ecatslv.o
                0x2400050c                SyncManInfo
 .bss.EepromLoaded
                0x24000514        0x1 ./Core/EtherCAT/ecatslv.o
                0x24000514                EepromLoaded
 .bss.bReceiveMbxIsLocked
                0x24000515        0x1 ./Core/EtherCAT/mailbox.o
                0x24000515                bReceiveMbxIsLocked
 .bss.bSendMbxIsFull
                0x24000516        0x1 ./Core/EtherCAT/mailbox.o
                0x24000516                bSendMbxIsFull
 .bss.bMbxRunning
                0x24000517        0x1 ./Core/EtherCAT/mailbox.o
                0x24000517                bMbxRunning
 .bss.bMbxRepeatToggle
                0x24000518        0x1 ./Core/EtherCAT/mailbox.o
                0x24000518                bMbxRepeatToggle
 *fill*         0x24000519        0x1 
 .bss.u16SendMbxSize
                0x2400051a        0x2 ./Core/EtherCAT/mailbox.o
                0x2400051a                u16SendMbxSize
 .bss.u16ReceiveMbxSize
                0x2400051c        0x2 ./Core/EtherCAT/mailbox.o
                0x2400051c                u16ReceiveMbxSize
 .bss.u16EscAddrReceiveMbx
                0x2400051e        0x2 ./Core/EtherCAT/mailbox.o
                0x2400051e                u16EscAddrReceiveMbx
 .bss.u16EscAddrSendMbx
                0x24000520        0x2 ./Core/EtherCAT/mailbox.o
                0x24000520                u16EscAddrSendMbx
 .bss.u8MbxWriteCounter
                0x24000522        0x1 ./Core/EtherCAT/mailbox.o
                0x24000522                u8MbxWriteCounter
 .bss.u8MbxReadCounter
                0x24000523        0x1 ./Core/EtherCAT/mailbox.o
                0x24000523                u8MbxReadCounter
 .bss.u8MailboxSendReqStored
                0x24000524        0x1 ./Core/EtherCAT/mailbox.o
                0x24000524                u8MailboxSendReqStored
 *fill*         0x24000525        0x3 
 .bss.psWriteMbx
                0x24000528        0x4 ./Core/EtherCAT/mailbox.o
                0x24000528                psWriteMbx
 .bss.psReadMbx
                0x2400052c        0x4 ./Core/EtherCAT/mailbox.o
                0x2400052c                psReadMbx
 .bss.psRepeatMbx
                0x24000530        0x4 ./Core/EtherCAT/mailbox.o
                0x24000530                psRepeatMbx
 .bss.psStoreMbx
                0x24000534        0x4 ./Core/EtherCAT/mailbox.o
                0x24000534                psStoreMbx
 .bss.sMbxSendQueue
                0x24000538       0x34 ./Core/EtherCAT/mailbox.o
                0x24000538                sMbxSendQueue
 .bss.sMbxReceiveQueue
                0x2400056c       0x34 ./Core/EtherCAT/mailbox.o
                0x2400056c                sMbxReceiveQueue
 .bss.bNoMbxMemoryAvailable
                0x240005a0        0x1 ./Core/EtherCAT/mailbox.o
                0x240005a0                bNoMbxMemoryAvailable
 .bss.bSyncSetByUser
                0x240005a1        0x1 ./Core/EtherCAT/objdef.o
                0x240005a1                bSyncSetByUser
 *fill*         0x240005a2        0x2 
 .bss.sCycleDiag
                0x240005a4        0x2 ./Core/EtherCAT/objdef.o
                0x240005a4                sCycleDiag
 *fill*         0x240005a6        0x2 
 .bss.sSyncManOutPar
                0x240005a8       0x44 ./Core/EtherCAT/objdef.o
                0x240005a8                sSyncManOutPar
 .bss.sSyncManInPar
                0x240005ec       0x44 ./Core/EtherCAT/objdef.o
                0x240005ec                sSyncManInPar
 .bss.u8PendingSdo
                0x24000630        0x1 ./Core/EtherCAT/sdoserv.o
                0x24000630                u8PendingSdo
 .bss.bStoreCompleteAccess
                0x24000631        0x1 ./Core/EtherCAT/sdoserv.o
                0x24000631                bStoreCompleteAccess
 .bss.u8StoreSubindex
                0x24000632        0x1 ./Core/EtherCAT/sdoserv.o
                0x24000632                u8StoreSubindex
 *fill*         0x24000633        0x1 
 .bss.u16StoreIndex
                0x24000634        0x2 ./Core/EtherCAT/sdoserv.o
                0x24000634                u16StoreIndex
 *fill*         0x24000636        0x2 
 .bss.u32StoreDataSize
                0x24000638        0x4 ./Core/EtherCAT/sdoserv.o
                0x24000638                u32StoreDataSize
 .bss.pStoreData
                0x2400063c        0x4 ./Core/EtherCAT/sdoserv.o
                0x2400063c                pStoreData
 .bss.pSdoPendFunc
                0x24000640        0x4 ./Core/EtherCAT/sdoserv.o
                0x24000640                pSdoPendFunc
 .bss.aSdoInfoHeader
                0x24000644       0x10 ./Core/EtherCAT/sdoserv.o
                0x24000644                aSdoInfoHeader
 .bss.pSdoSegData
                0x24000654        0x4 ./Core/EtherCAT/sdoserv.o
                0x24000654                pSdoSegData
 .bss.nSdoInfoFragmentsLeft
                0x24000658        0x2 ./Core/EtherCAT/sdoserv.o
                0x24000658                nSdoInfoFragmentsLeft
 .bss.nSdoInfoIndex
                0x2400065a        0x2 ./Core/EtherCAT/sdoserv.o
                0x2400065a                nSdoInfoIndex
 .bss.pSdoInfoObjEntry
                0x2400065c        0x4 ./Core/EtherCAT/sdoserv.o
                0x2400065c                pSdoInfoObjEntry
 .bss.pSdoResStored
                0x24000660        0x4 ./Core/EtherCAT/sdoserv.o
                0x24000660                pSdoResStored
 .bss.bSdoInWork
                0x24000664        0x1 ./Core/EtherCAT/sdoserv.o
                0x24000664                bSdoInWork
 .bss.nSdoSegService
                0x24000665        0x1 ./Core/EtherCAT/sdoserv.o
                0x24000665                nSdoSegService
 .bss.bSdoSegFollows
                0x24000666        0x1 ./Core/EtherCAT/sdoserv.o
                0x24000666                bSdoSegFollows
 .bss.bSdoSegAccess
                0x24000667        0x1 ./Core/EtherCAT/sdoserv.o
                0x24000667                bSdoSegAccess
 .bss.nSdoSegIndex
                0x24000668        0x2 ./Core/EtherCAT/sdoserv.o
                0x24000668                nSdoSegIndex
 .bss.nSdoSegSubindex
                0x2400066a        0x1 ./Core/EtherCAT/sdoserv.o
                0x2400066a                nSdoSegSubindex
 *fill*         0x2400066b        0x1 
 .bss.nSdoSegBytesToHandle
                0x2400066c        0x4 ./Core/EtherCAT/sdoserv.o
                0x2400066c                nSdoSegBytesToHandle
 .bss.bSdoSegLastToggle
                0x24000670        0x1 ./Core/EtherCAT/sdoserv.o
                0x24000670                bSdoSegLastToggle
 *fill*         0x24000671        0x3 
 .bss.nSdoSegCompleteSize
                0x24000674        0x4 ./Core/EtherCAT/sdoserv.o
                0x24000674                nSdoSegCompleteSize
 .bss.pSdoSegObjEntry
                0x24000678        0x4 ./Core/EtherCAT/sdoserv.o
                0x24000678                pSdoSegObjEntry
 .bss.hspi3     0x2400067c       0x88 ./Core/Src/spi.o
                0x2400067c                hspi3
 .bss.__sbrk_heap_end
                0x24000704        0x4 ./Core/Src/sysmem.o
 .bss.htim6     0x24000708       0x4c ./Core/Src/tim.o
                0x24000708                htim6
 .bss.htim16    0x24000754       0x4c ./Core/Src/tim.o
                0x24000754                htim16
 .bss.uwTick    0x240007a0        0x4 ./Drivers/STM32H7xx_HAL_Driver/Src/stm32h7xx_hal.o
                0x240007a0                uwTick
 .bss.__malloc_sbrk_start
                0x240007a4        0x4 C:/ST/STM32CubeIDE_1.17.0/STM32CubeIDE/plugins/com.st.stm32cube.ide.mcu.externaltools.gnu-tools-for-stm32.12.3.rel1.win32_1.1.0.202410251130/tools/bin/../lib/gcc/arm-none-eabi/12.3.1/../../../../arm-none-eabi/lib/thumb/v7e-m+dp/hard\libc_nano.a(libc_a-mallocr.o)
                0x240007a4                __malloc_sbrk_start
 .bss.__malloc_free_list
                0x240007a8        0x4 C:/ST/STM32CubeIDE_1.17.0/STM32CubeIDE/plugins/com.st.stm32cube.ide.mcu.externaltools.gnu-tools-for-stm32.12.3.rel1.win32_1.1.0.202410251130/tools/bin/../lib/gcc/arm-none-eabi/12.3.1/../../../../arm-none-eabi/lib/thumb/v7e-m+dp/hard\libc_nano.a(libc_a-mallocr.o)
                0x240007a8                __malloc_free_list
 .bss.__sf      0x240007ac      0x138 C:/ST/STM32CubeIDE_1.17.0/STM32CubeIDE/plugins/com.st.stm32cube.ide.mcu.externaltools.gnu-tools-for-stm32.12.3.rel1.win32_1.1.0.202410251130/tools/bin/../lib/gcc/arm-none-eabi/12.3.1/../../../../arm-none-eabi/lib/thumb/v7e-m+dp/hard\libc_nano.a(libc_a-findfp.o)
                0x240007ac                __sf
 .bss.errno     0x240008e4        0x4 C:/ST/STM32CubeIDE_1.17.0/STM32CubeIDE/plugins/com.st.stm32cube.ide.mcu.externaltools.gnu-tools-for-stm32.12.3.rel1.win32_1.1.0.202410251130/tools/bin/../lib/gcc/arm-none-eabi/12.3.1/../../../../arm-none-eabi/lib/thumb/v7e-m+dp/hard\libc_nano.a(libc_a-reent.o)
                0x240008e4                errno
 .bss.__lock___malloc_recursive_mutex
                0x240008e8        0x1 C:/ST/STM32CubeIDE_1.17.0/STM32CubeIDE/plugins/com.st.stm32cube.ide.mcu.externaltools.gnu-tools-for-stm32.12.3.rel1.win32_1.1.0.202410251130/tools/bin/../lib/gcc/arm-none-eabi/12.3.1/../../../../arm-none-eabi/lib/thumb/v7e-m+dp/hard\libc_nano.a(libc_a-lock.o)
                0x240008e8                __lock___malloc_recursive_mutex
 *(COMMON)
                0x240008ec                        . = ALIGN (0x4)
 *fill*         0x240008e9        0x3 
                0x240008ec                        _ebss = .
                0x240008ec                        __bss_end__ = _ebss

._user_heap_stack
                0x240008ec      0x604 load address 0x0800c1f4
                0x240008f0                        . = ALIGN (0x8)
 *fill*         0x240008ec        0x4 
                [!provide]                        PROVIDE (end = .)
                0x240008f0                        PROVIDE (_end = .)
                0x24000af0                        . = (. + _Min_Heap_Size)
 *fill*         0x240008f0      0x200 
                0x24000ef0                        . = (. + _Min_Stack_Size)
 *fill*         0x24000af0      0x400 
                0x24000ef0                        . = ALIGN (0x8)

/DISCARD/
 libc.a(*)
 libm.a(*)
 libgcc.a(*)

.ARM.attributes
                0x00000000       0x2e
 *(.ARM.attributes)
 .ARM.attributes
                0x00000000       0x20 C:/ST/STM32CubeIDE_1.17.0/STM32CubeIDE/plugins/com.st.stm32cube.ide.mcu.externaltools.gnu-tools-for-stm32.12.3.rel1.win32_1.1.0.202410251130/tools/bin/../lib/gcc/arm-none-eabi/12.3.1/thumb/v7e-m+dp/hard/crti.o
 .ARM.attributes
                0x00000020       0x32 C:/ST/STM32CubeIDE_1.17.0/STM32CubeIDE/plugins/com.st.stm32cube.ide.mcu.externaltools.gnu-tools-for-stm32.12.3.rel1.win32_1.1.0.202410251130/tools/bin/../lib/gcc/arm-none-eabi/12.3.1/thumb/v7e-m+dp/hard/crtbegin.o
 .ARM.attributes
                0x00000052       0x32 ./Core/EtherCAT/Microcontroller_Asix58100_ESI.o
 .ARM.attributes
                0x00000084       0x32 ./Core/EtherCAT/ax58100_hw.o
 .ARM.attributes
                0x000000b6       0x32 ./Core/EtherCAT/coeappl.o
 .ARM.attributes
                0x000000e8       0x32 ./Core/EtherCAT/ecatappl.o
 .ARM.attributes
                0x0000011a       0x32 ./Core/EtherCAT/ecatcoe.o
 .ARM.attributes
                0x0000014c       0x32 ./Core/EtherCAT/ecatslv.o
 .ARM.attributes
                0x0000017e       0x32 ./Core/EtherCAT/mailbox.o
 .ARM.attributes
                0x000001b0       0x32 ./Core/EtherCAT/objdef.o
 .ARM.attributes
                0x000001e2       0x32 ./Core/EtherCAT/sdoserv.o
 .ARM.attributes
                0x00000214       0x32 ./Core/Src/gpio.o
 .ARM.attributes
                0x00000246       0x32 ./Core/Src/main.o
 .ARM.attributes
                0x00000278       0x32 ./Core/Src/spi.o
 .ARM.attributes
                0x000002aa       0x32 ./Core/Src/stm32h7xx_hal_msp.o
 .ARM.attributes
                0x000002dc       0x32 ./Core/Src/stm32h7xx_it.o
 .ARM.attributes
                0x0000030e       0x32 ./Core/Src/sysmem.o
 .ARM.attributes
                0x00000340       0x32 ./Core/Src/system_stm32h7xx.o
 .ARM.attributes
                0x00000372       0x32 ./Core/Src/tim.o
 .ARM.attributes
                0x000003a4       0x21 ./Core/Startup/startup_stm32h743zitx.o
 .ARM.attributes
                0x000003c5       0x32 ./Drivers/STM32H7xx_HAL_Driver/Src/stm32h7xx_hal.o
 .ARM.attributes
                0x000003f7       0x32 ./Drivers/STM32H7xx_HAL_Driver/Src/stm32h7xx_hal_cortex.o
 .ARM.attributes
                0x00000429       0x32 ./Drivers/STM32H7xx_HAL_Driver/Src/stm32h7xx_hal_gpio.o
 .ARM.attributes
                0x0000045b       0x32 ./Drivers/STM32H7xx_HAL_Driver/Src/stm32h7xx_hal_pwr_ex.o
 .ARM.attributes
                0x0000048d       0x32 ./Drivers/STM32H7xx_HAL_Driver/Src/stm32h7xx_hal_rcc.o
 .ARM.attributes
                0x000004bf       0x32 ./Drivers/STM32H7xx_HAL_Driver/Src/stm32h7xx_hal_rcc_ex.o
 .ARM.attributes
                0x000004f1       0x32 ./Drivers/STM32H7xx_HAL_Driver/Src/stm32h7xx_hal_spi.o
 .ARM.attributes
                0x00000523       0x32 ./Drivers/STM32H7xx_HAL_Driver/Src/stm32h7xx_hal_tim.o
 .ARM.attributes
                0x00000555       0x32 ./Drivers/STM32H7xx_HAL_Driver/Src/stm32h7xx_hal_tim_ex.o
 .ARM.attributes
                0x00000587       0x32 C:/ST/STM32CubeIDE_1.17.0/STM32CubeIDE/plugins/com.st.stm32cube.ide.mcu.externaltools.gnu-tools-for-stm32.12.3.rel1.win32_1.1.0.202410251130/tools/bin/../lib/gcc/arm-none-eabi/12.3.1/../../../../arm-none-eabi/lib/thumb/v7e-m+dp/hard\libc_nano.a(libc_a-malloc.o)
 .ARM.attributes
                0x000005b9       0x32 C:/ST/STM32CubeIDE_1.17.0/STM32CubeIDE/plugins/com.st.stm32cube.ide.mcu.externaltools.gnu-tools-for-stm32.12.3.rel1.win32_1.1.0.202410251130/tools/bin/../lib/gcc/arm-none-eabi/12.3.1/../../../../arm-none-eabi/lib/thumb/v7e-m+dp/hard\libc_nano.a(libc_a-mallocr.o)
 .ARM.attributes
                0x000005eb       0x32 C:/ST/STM32CubeIDE_1.17.0/STM32CubeIDE/plugins/com.st.stm32cube.ide.mcu.externaltools.gnu-tools-for-stm32.12.3.rel1.win32_1.1.0.202410251130/tools/bin/../lib/gcc/arm-none-eabi/12.3.1/../../../../arm-none-eabi/lib/thumb/v7e-m+dp/hard\libc_nano.a(libc_a-mlock.o)
 .ARM.attributes
                0x0000061d       0x32 C:/ST/STM32CubeIDE_1.17.0/STM32CubeIDE/plugins/com.st.stm32cube.ide.mcu.externaltools.gnu-tools-for-stm32.12.3.rel1.win32_1.1.0.202410251130/tools/bin/../lib/gcc/arm-none-eabi/12.3.1/../../../../arm-none-eabi/lib/thumb/v7e-m+dp/hard\libc_nano.a(libc_a-findfp.o)
 .ARM.attributes
                0x0000064f       0x32 C:/ST/STM32CubeIDE_1.17.0/STM32CubeIDE/plugins/com.st.stm32cube.ide.mcu.externaltools.gnu-tools-for-stm32.12.3.rel1.win32_1.1.0.202410251130/tools/bin/../lib/gcc/arm-none-eabi/12.3.1/../../../../arm-none-eabi/lib/thumb/v7e-m+dp/hard\libc_nano.a(libc_a-memset.o)
 .ARM.attributes
                0x00000681       0x32 C:/ST/STM32CubeIDE_1.17.0/STM32CubeIDE/plugins/com.st.stm32cube.ide.mcu.externaltools.gnu-tools-for-stm32.12.3.rel1.win32_1.1.0.202410251130/tools/bin/../lib/gcc/arm-none-eabi/12.3.1/../../../../arm-none-eabi/lib/thumb/v7e-m+dp/hard\libc_nano.a(libc_a-reent.o)
 .ARM.attributes
                0x000006b3       0x32 C:/ST/STM32CubeIDE_1.17.0/STM32CubeIDE/plugins/com.st.stm32cube.ide.mcu.externaltools.gnu-tools-for-stm32.12.3.rel1.win32_1.1.0.202410251130/tools/bin/../lib/gcc/arm-none-eabi/12.3.1/../../../../arm-none-eabi/lib/thumb/v7e-m+dp/hard\libc_nano.a(libc_a-impure.o)
 .ARM.attributes
                0x000006e5       0x32 C:/ST/STM32CubeIDE_1.17.0/STM32CubeIDE/plugins/com.st.stm32cube.ide.mcu.externaltools.gnu-tools-for-stm32.12.3.rel1.win32_1.1.0.202410251130/tools/bin/../lib/gcc/arm-none-eabi/12.3.1/../../../../arm-none-eabi/lib/thumb/v7e-m+dp/hard\libc_nano.a(libc_a-sbrkr.o)
 .ARM.attributes
                0x00000717       0x32 C:/ST/STM32CubeIDE_1.17.0/STM32CubeIDE/plugins/com.st.stm32cube.ide.mcu.externaltools.gnu-tools-for-stm32.12.3.rel1.win32_1.1.0.202410251130/tools/bin/../lib/gcc/arm-none-eabi/12.3.1/../../../../arm-none-eabi/lib/thumb/v7e-m+dp/hard\libc_nano.a(libc_a-errno.o)
 .ARM.attributes
                0x00000749       0x32 C:/ST/STM32CubeIDE_1.17.0/STM32CubeIDE/plugins/com.st.stm32cube.ide.mcu.externaltools.gnu-tools-for-stm32.12.3.rel1.win32_1.1.0.202410251130/tools/bin/../lib/gcc/arm-none-eabi/12.3.1/../../../../arm-none-eabi/lib/thumb/v7e-m+dp/hard\libc_nano.a(libc_a-init.o)
 .ARM.attributes
                0x0000077b       0x32 C:/ST/STM32CubeIDE_1.17.0/STM32CubeIDE/plugins/com.st.stm32cube.ide.mcu.externaltools.gnu-tools-for-stm32.12.3.rel1.win32_1.1.0.202410251130/tools/bin/../lib/gcc/arm-none-eabi/12.3.1/../../../../arm-none-eabi/lib/thumb/v7e-m+dp/hard\libc_nano.a(libc_a-lock.o)
 .ARM.attributes
                0x000007ad       0x32 C:/ST/STM32CubeIDE_1.17.0/STM32CubeIDE/plugins/com.st.stm32cube.ide.mcu.externaltools.gnu-tools-for-stm32.12.3.rel1.win32_1.1.0.202410251130/tools/bin/../lib/gcc/arm-none-eabi/12.3.1/../../../../arm-none-eabi/lib/thumb/v7e-m+dp/hard\libc_nano.a(libc_a-memcpy-stub.o)
 .ARM.attributes
                0x000007df       0x17 C:/ST/STM32CubeIDE_1.17.0/STM32CubeIDE/plugins/com.st.stm32cube.ide.mcu.externaltools.gnu-tools-for-stm32.12.3.rel1.win32_1.1.0.202410251130/tools/bin/../lib/gcc/arm-none-eabi/12.3.1/../../../../arm-none-eabi/lib/thumb/v7e-m+dp/hard\libc_nano.a(libc_a-strlen.o)
 .ARM.attributes
                0x000007f6       0x32 C:/ST/STM32CubeIDE_1.17.0/STM32CubeIDE/plugins/com.st.stm32cube.ide.mcu.externaltools.gnu-tools-for-stm32.12.3.rel1.win32_1.1.0.202410251130/tools/bin/../lib/gcc/arm-none-eabi/12.3.1/../../../../arm-none-eabi/lib/thumb/v7e-m+dp/hard\libc_nano.a(libc_a-freer.o)
 .ARM.attributes
                0x00000828       0x20 C:/ST/STM32CubeIDE_1.17.0/STM32CubeIDE/plugins/com.st.stm32cube.ide.mcu.externaltools.gnu-tools-for-stm32.12.3.rel1.win32_1.1.0.202410251130/tools/bin/../lib/gcc/arm-none-eabi/12.3.1/thumb/v7e-m+dp/hard/crtn.o
OUTPUT(Nucleo743Zi2_Asix58100.elf elf32-littlearm)
LOAD linker stubs
LOAD C:/ST/STM32CubeIDE_1.17.0/STM32CubeIDE/plugins/com.st.stm32cube.ide.mcu.externaltools.gnu-tools-for-stm32.12.3.rel1.win32_1.1.0.202410251130/tools/bin/../lib/gcc/arm-none-eabi/12.3.1/../../../../arm-none-eabi/lib/thumb/v7e-m+dp/hard\libc.a
LOAD C:/ST/STM32CubeIDE_1.17.0/STM32CubeIDE/plugins/com.st.stm32cube.ide.mcu.externaltools.gnu-tools-for-stm32.12.3.rel1.win32_1.1.0.202410251130/tools/bin/../lib/gcc/arm-none-eabi/12.3.1/../../../../arm-none-eabi/lib/thumb/v7e-m+dp/hard\libm.a
LOAD C:/ST/STM32CubeIDE_1.17.0/STM32CubeIDE/plugins/com.st.stm32cube.ide.mcu.externaltools.gnu-tools-for-stm32.12.3.rel1.win32_1.1.0.202410251130/tools/bin/../lib/gcc/arm-none-eabi/12.3.1/thumb/v7e-m+dp/hard\libgcc.a

.debug_info     0x00000000    0x16d8a
 .debug_info    0x00000000      0x671 ./Core/EtherCAT/Microcontroller_Asix58100_ESI.o
 .debug_info    0x00000671     0x1440 ./Core/EtherCAT/ax58100_hw.o
 .debug_info    0x00001ab1      0xe79 ./Core/EtherCAT/coeappl.o
 .debug_info    0x0000292a      0xacd ./Core/EtherCAT/ecatappl.o
 .debug_info    0x000033f7      0x4ef ./Core/EtherCAT/ecatcoe.o
 .debug_info    0x000038e6      0xc88 ./Core/EtherCAT/ecatslv.o
 .debug_info    0x0000456e      0x864 ./Core/EtherCAT/mailbox.o
 .debug_info    0x00004dd2      0xd06 ./Core/EtherCAT/objdef.o
 .debug_info    0x00005ad8      0xf35 ./Core/EtherCAT/sdoserv.o
 .debug_info    0x00006a0d      0xa0e ./Core/Src/gpio.o
 .debug_info    0x0000741b      0x8cb ./Core/Src/main.o
 .debug_info    0x00007ce6     0x1090 ./Core/Src/spi.o
 .debug_info    0x00008d76      0x464 ./Core/Src/stm32h7xx_hal_msp.o
 .debug_info    0x000091da      0x128 ./Core/Src/stm32h7xx_it.o
 .debug_info    0x00009302      0x168 ./Core/Src/sysmem.o
 .debug_info    0x0000946a      0xdb2 ./Core/Src/system_stm32h7xx.o
 .debug_info    0x0000a21c     0x1074 ./Core/Src/tim.o
 .debug_info    0x0000b290       0x30 ./Core/Startup/startup_stm32h743zitx.o
 .debug_info    0x0000b2c0     0x153b ./Drivers/STM32H7xx_HAL_Driver/Src/stm32h7xx_hal.o
 .debug_info    0x0000c7fb     0x10b1 ./Drivers/STM32H7xx_HAL_Driver/Src/stm32h7xx_hal_cortex.o
 .debug_info    0x0000d8ac      0xc5a ./Drivers/STM32H7xx_HAL_Driver/Src/stm32h7xx_hal_gpio.o
 .debug_info    0x0000e506     0x1012 ./Drivers/STM32H7xx_HAL_Driver/Src/stm32h7xx_hal_pwr_ex.o
 .debug_info    0x0000f518      0xe6a ./Drivers/STM32H7xx_HAL_Driver/Src/stm32h7xx_hal_rcc.o
 .debug_info    0x00010382     0x1225 ./Drivers/STM32H7xx_HAL_Driver/Src/stm32h7xx_hal_rcc_ex.o
 .debug_info    0x000115a7     0x144a ./Drivers/STM32H7xx_HAL_Driver/Src/stm32h7xx_hal_spi.o
 .debug_info    0x000129f1     0x2bae ./Drivers/STM32H7xx_HAL_Driver/Src/stm32h7xx_hal_tim.o
 .debug_info    0x0001559f     0x17eb ./Drivers/STM32H7xx_HAL_Driver/Src/stm32h7xx_hal_tim_ex.o

.debug_abbrev   0x00000000     0x39de
 .debug_abbrev  0x00000000      0x2d2 ./Core/EtherCAT/Microcontroller_Asix58100_ESI.o
 .debug_abbrev  0x000002d2      0x38d ./Core/EtherCAT/ax58100_hw.o
 .debug_abbrev  0x0000065f      0x28b ./Core/EtherCAT/coeappl.o
 .debug_abbrev  0x000008ea      0x25b ./Core/EtherCAT/ecatappl.o
 .debug_abbrev  0x00000b45      0x1cc ./Core/EtherCAT/ecatcoe.o
 .debug_abbrev  0x00000d11      0x22c ./Core/EtherCAT/ecatslv.o
 .debug_abbrev  0x00000f3d      0x201 ./Core/EtherCAT/mailbox.o
 .debug_abbrev  0x0000113e      0x263 ./Core/EtherCAT/objdef.o
 .debug_abbrev  0x000013a1      0x2c6 ./Core/EtherCAT/sdoserv.o
 .debug_abbrev  0x00001667      0x194 ./Core/Src/gpio.o
 .debug_abbrev  0x000017fb      0x297 ./Core/Src/main.o
 .debug_abbrev  0x00001a92      0x229 ./Core/Src/spi.o
 .debug_abbrev  0x00001cbb       0xdb ./Core/Src/stm32h7xx_hal_msp.o
 .debug_abbrev  0x00001d96       0x73 ./Core/Src/stm32h7xx_it.o
 .debug_abbrev  0x00001e09       0xbc ./Core/Src/sysmem.o
 .debug_abbrev  0x00001ec5      0x165 ./Core/Src/system_stm32h7xx.o
 .debug_abbrev  0x0000202a      0x23d ./Core/Src/tim.o
 .debug_abbrev  0x00002267       0x24 ./Core/Startup/startup_stm32h743zitx.o
 .debug_abbrev  0x0000228b      0x295 ./Drivers/STM32H7xx_HAL_Driver/Src/stm32h7xx_hal.o
 .debug_abbrev  0x00002520      0x339 ./Drivers/STM32H7xx_HAL_Driver/Src/stm32h7xx_hal_cortex.o
 .debug_abbrev  0x00002859      0x205 ./Drivers/STM32H7xx_HAL_Driver/Src/stm32h7xx_hal_gpio.o
 .debug_abbrev  0x00002a5e      0x2a7 ./Drivers/STM32H7xx_HAL_Driver/Src/stm32h7xx_hal_pwr_ex.o
 .debug_abbrev  0x00002d05      0x2c8 ./Drivers/STM32H7xx_HAL_Driver/Src/stm32h7xx_hal_rcc.o
 .debug_abbrev  0x00002fcd      0x269 ./Drivers/STM32H7xx_HAL_Driver/Src/stm32h7xx_hal_rcc_ex.o